Java HotSpot(TM) 64-Bit Server VM (25.271-b09) for windows-amd64 JRE (1.8.0_271-b09), built on Sep 16 2020 19:14:59 by "" with MS VC++ 15.9 (VS2017)
Memory: 4k page, physical 16522052k(9286828k free), swap 19012420k(7685876k free)
CommandLine flags: -XX:InitialHeapSize=1073741824 -XX:MaxHeapSize=1073741824 -XX:MaxNewSize=357916672 -XX:MaxTenuringThreshold=6 -XX:NewSize=357916672 -XX:OldPLABSize=16 -XX:OldSize=715825152 -XX:+PrintGC -XX:+PrintGCDateStamps -XX:+PrintGCDetails -XX:+PrintGCTimeStamps -XX:-UseAdaptiveSizePolicy -XX:+UseCompressedClassPointers -XX:+UseCompressedOops -XX:+UseConcMarkSweepGC -XX:-UseLargePagesIndividualAllocation -XX:+UseParNewGC 
2021-01-21T21:53:30.683+0800: 0.815: [GC (Allocation Failure) 2021-01-21T21:53:30.683+0800: 0.815: [ParNew: 279616K->14622K(314560K), 0.0113636 secs] 279616K->14622K(1013632K), 0.0115860 secs] [Times: user=0.03 sys=0.01, real=0.01 secs] 
2021-01-21T21:53:32.256+0800: 2.388: [GC (Allocation Failure) 2021-01-21T21:53:32.256+0800: 2.388: [ParNew: 294238K->22900K(314560K), 0.0170900 secs] 294238K->22900K(1013632K), 0.0171894 secs] [Times: user=0.02 sys=0.11, real=0.02 secs] 
2021-01-21T21:53:32.274+0800: 2.406: [GC (CMS Initial Mark) [1 CMS-initial-mark: 0K(699072K)] 22900K(1013632K), 0.0040062 secs] [Times: user=0.00 sys=0.00, real=0.00 secs] 
2021-01-21T21:53:32.278+0800: 2.410: [CMS-concurrent-mark-start]
2021-01-21T21:53:32.278+0800: 2.410: [CMS-concurrent-mark: 0.000/0.000 secs] [Times: user=0.00 sys=0.00, real=0.00 secs] 
2021-01-21T21:53:32.278+0800: 2.410: [CMS-concurrent-preclean-start]
2021-01-21T21:53:32.281+0800: 2.413: [CMS-concurrent-preclean: 0.003/0.003 secs] [Times: user=0.00 sys=0.00, real=0.00 secs] 
2021-01-21T21:53:32.281+0800: 2.413: [GC (CMS Final Remark) [YG occupancy: 24228 K (314560 K)]2021-01-21T21:53:32.281+0800: 2.413: [Rescan (parallel) , 0.0035153 secs]2021-01-21T21:53:32.284+0800: 2.417: [weak refs processing, 0.0000349 secs]2021-01-21T21:53:32.284+0800: 2.417: [class unloading, 0.0046656 secs]2021-01-21T21:53:32.289+0800: 2.421: [scrub symbol table, 0.0053679 secs]2021-01-21T21:53:32.294+0800: 2.427: [scrub string table, 0.0004758 secs][1 CMS-remark: 0K(699072K)] 24228K(1013632K), 0.0151831 secs] [Times: user=0.13 sys=0.00, real=0.01 secs] 
2021-01-21T21:53:32.296+0800: 2.428: [CMS-concurrent-sweep-start]
2021-01-21T21:53:32.296+0800: 2.428: [CMS-concurrent-sweep: 0.000/0.000 secs] [Times: user=0.00 sys=0.00, real=0.00 secs] 
2021-01-21T21:53:32.296+0800: 2.428: [CMS-concurrent-reset-start]
2021-01-21T21:53:32.302+0800: 2.435: [CMS-concurrent-reset: 0.006/0.006 secs] [Times: user=0.05 sys=0.03, real=0.01 secs] 
2021-01-21T21:53:43.353+0800: 13.485: [GC (Allocation Failure) 2021-01-21T21:53:43.354+0800: 13.486: [ParNew: 302516K->20920K(314560K), 0.0284965 secs] 302516K->26037K(1013632K), 0.0286789 secs] [Times: user=0.19 sys=0.03, real=0.03 secs] 
2021-01-21T21:53:53.174+0800: 23.306: [GC (Allocation Failure) 2021-01-21T21:53:53.174+0800: 23.306: [ParNew: 300536K->18959K(314560K), 0.0129968 secs] 305653K->33148K(1013632K), 0.0131101 secs] [Times: user=0.00 sys=0.00, real=0.01 secs] 
2021-01-21T21:53:57.827+0800: 27.959: [GC (Allocation Failure) 2021-01-21T21:53:57.827+0800: 27.959: [ParNew: 298575K->9107K(314560K), 0.0075050 secs] 312764K->23296K(1013632K), 0.0076121 secs] [Times: user=0.13 sys=0.00, real=0.01 secs] 
2021-01-21T21:54:01.997+0800: 32.129: [GC (Allocation Failure) 2021-01-21T21:54:01.997+0800: 32.129: [ParNew: 288723K->10278K(314560K), 0.0074592 secs] 302912K->24467K(1013632K), 0.0075912 secs] [Times: user=0.08 sys=0.05, real=0.01 secs] 
2021-01-21T21:54:07.272+0800: 37.404: [GC (Allocation Failure) 2021-01-21T21:54:07.272+0800: 37.404: [ParNew: 289894K->11673K(314560K), 0.0065082 secs] 304083K->25862K(1013632K), 0.0066373 secs] [Times: user=0.00 sys=0.00, real=0.01 secs] 
Heap
 par new generation   total 314560K, used 172384K [0x00000000c0000000, 0x00000000d5550000, 0x00000000d5550000)
  eden space 279616K,  57% used [0x00000000c0000000, 0x00000000c9cf1d68, 0x00000000d1110000)
  from space 34944K,  33% used [0x00000000d3330000, 0x00000000d3e96460, 0x00000000d5550000)
  to   space 34944K,   0% used [0x00000000d1110000, 0x00000000d1110000, 0x00000000d3330000)
 concurrent mark-sweep generation total 699072K, used 14188K [0x00000000d5550000, 0x0000000100000000, 0x0000000100000000)
 Metaspace       used 36614K, capacity 38865K, committed 39160K, reserved 1083392K
  class space    used 4650K, capacity 5008K, committed 5112K, reserved 1048576K
