Java HotSpot(TM) 64-Bit Server VM (25.271-b09) for windows-amd64 JRE (1.8.0_271-b09), built on Sep 16 2020 19:14:59 by "" with MS VC++ 15.9 (VS2017)
Memory: 4k page, physical 16522052k(9198784k free), swap 19012420k(7634664k free)
CommandLine flags: -XX:InitialHeapSize=1073741824 -XX:MaxHeapSize=1073741824 -XX:+PrintGC -XX:+PrintGCDateStamps -XX:+PrintGCDetails -XX:+PrintGCTimeStamps -XX:-UseAdaptiveSizePolicy -XX:+UseCompressedClassPointers -XX:+UseCompressedOops -XX:+UseG1GC -XX:-UseLargePagesIndividualAllocation 
2021-01-21T21:56:24.532+0800: 0.417: [GC pause (G1 Evacuation Pause) (young), 0.0051287 secs]
   [Parallel Time: 2.2 ms, GC Workers: 8]
      [GC Worker Start (ms): Min: 417.4, Avg: 417.5, Max: 417.5, Diff: 0.1]
      [Ext Root Scanning (ms): Min: 0.1, Avg: 0.3, Max: 0.7, Diff: 0.6, Sum: 2.0]
      [Update RS (ms): Min: 0.0, Avg: 0.0, Max: 0.0, Diff: 0.0, Sum: 0.0]
         [Processed Buffers: Min: 0, Avg: 0.0, Max: 0, Diff: 0, Sum: 0]
      [Scan RS (ms): Min: 0.0, Avg: 0.0, Max: 0.0, Diff: 0.0, Sum: 0.0]
      [Code Root Scanning (ms): Min: 0.0, Avg: 0.3, Max: 1.0, Diff: 1.0, Sum: 2.2]
      [Object Copy (ms): Min: 0.7, Avg: 1.3, Max: 1.6, Diff: 0.9, Sum: 10.0]
      [Termination (ms): Min: 0.0, Avg: 0.0, Max: 0.0, Diff: 0.0, Sum: 0.0]
         [Termination Attempts: Min: 1, Avg: 30.8, Max: 44, Diff: 43, Sum: 246]
      [GC Worker Other (ms): Min: 0.0, Avg: 0.0, Max: 0.0, Diff: 0.0, Sum: 0.2]
      [GC Worker Total (ms): Min: 1.8, Avg: 1.8, Max: 1.9, Diff: 0.1, Sum: 14.6]
      [GC Worker End (ms): Min: 419.3, Avg: 419.3, Max: 419.3, Diff: 0.0]
   [Code Root Fixup: 0.0 ms]
   [Code Root Purge: 0.0 ms]
   [Clear CT: 0.8 ms]
   [Other: 2.1 ms]
      [Choose CSet: 0.0 ms]
      [Ref Proc: 1.2 ms]
      [Ref Enq: 0.0 ms]
      [Redirty Cards: 0.7 ms]
      [Humongous Register: 0.0 ms]
      [Humongous Reclaim: 0.0 ms]
      [Free CSet: 0.1 ms]
   [Eden: 51.0M(51.0M)->0.0B(58.0M) Survivors: 0.0B->5120.0K Heap: 51.0M(1024.0M)->4198.0K(1024.0M)]
 [Times: user=0.00 sys=0.00, real=0.00 secs] 
2021-01-21T21:56:24.681+0800: 0.563: [GC pause (G1 Evacuation Pause) (young), 0.0037636 secs]
   [Parallel Time: 2.3 ms, GC Workers: 8]
      [GC Worker Start (ms): Min: 563.4, Avg: 563.4, Max: 563.7, Diff: 0.3]
      [Ext Root Scanning (ms): Min: 0.0, Avg: 0.3, Max: 0.9, Diff: 0.9, Sum: 2.0]
      [Update RS (ms): Min: 0.0, Avg: 0.0, Max: 0.0, Diff: 0.0, Sum: 0.0]
         [Processed Buffers: Min: 0, Avg: 0.0, Max: 0, Diff: 0, Sum: 0]
      [Scan RS (ms): Min: 0.0, Avg: 0.0, Max: 0.0, Diff: 0.0, Sum: 0.0]
      [Code Root Scanning (ms): Min: 0.0, Avg: 0.1, Max: 0.8, Diff: 0.8, Sum: 0.9]
      [Object Copy (ms): Min: 1.3, Avg: 1.9, Max: 2.1, Diff: 0.9, Sum: 14.8]
      [Termination (ms): Min: 0.0, Avg: 0.0, Max: 0.0, Diff: 0.0, Sum: 0.0]
         [Termination Attempts: Min: 1, Avg: 41.8, Max: 51, Diff: 50, Sum: 334]
      [GC Worker Other (ms): Min: 0.0, Avg: 0.0, Max: 0.0, Diff: 0.0, Sum: 0.1]
      [GC Worker Total (ms): Min: 2.0, Avg: 2.3, Max: 2.3, Diff: 0.3, Sum: 18.0]
      [GC Worker End (ms): Min: 565.7, Avg: 565.7, Max: 565.7, Diff: 0.0]
   [Code Root Fixup: 0.0 ms]
   [Code Root Purge: 0.0 ms]
   [Clear CT: 0.1 ms]
   [Other: 1.3 ms]
      [Choose CSet: 0.0 ms]
      [Ref Proc: 1.1 ms]
      [Ref Enq: 0.0 ms]
      [Redirty Cards: 0.0 ms]
      [Humongous Register: 0.0 ms]
      [Humongous Reclaim: 0.0 ms]
      [Free CSet: 0.1 ms]
   [Eden: 58.0M(58.0M)->0.0B(606.0M) Survivors: 5120.0K->8192.0K Heap: 62.1M(1024.0M)->8575.5K(1024.0M)]
 [Times: user=0.00 sys=0.00, real=0.00 secs] 
2021-01-21T21:56:25.020+0800: 0.899: [GC pause (Metadata GC Threshold) (young) (initial-mark), 0.0083641 secs]
   [Parallel Time: 4.9 ms, GC Workers: 8]
      [GC Worker Start (ms): Min: 899.0, Avg: 899.1, Max: 899.3, Diff: 0.4]
      [Ext Root Scanning (ms): Min: 0.8, Avg: 1.0, Max: 1.3, Diff: 0.5, Sum: 8.1]
      [Update RS (ms): Min: 0.0, Avg: 0.0, Max: 0.0, Diff: 0.0, Sum: 0.1]
         [Processed Buffers: Min: 0, Avg: 0.1, Max: 1, Diff: 1, Sum: 1]
      [Scan RS (ms): Min: 0.0, Avg: 0.0, Max: 0.0, Diff: 0.0, Sum: 0.1]
      [Code Root Scanning (ms): Min: 0.0, Avg: 0.7, Max: 3.6, Diff: 3.6, Sum: 5.9]
      [Object Copy (ms): Min: 0.0, Avg: 2.8, Max: 3.6, Diff: 3.6, Sum: 22.5]
      [Termination (ms): Min: 0.0, Avg: 0.1, Max: 0.1, Diff: 0.1, Sum: 0.8]
         [Termination Attempts: Min: 1, Avg: 26.6, Max: 42, Diff: 41, Sum: 213]
      [GC Worker Other (ms): Min: 0.0, Avg: 0.0, Max: 0.0, Diff: 0.0, Sum: 0.1]
      [GC Worker Total (ms): Min: 4.4, Avg: 4.7, Max: 4.8, Diff: 0.4, Sum: 37.5]
      [GC Worker End (ms): Min: 903.8, Avg: 903.8, Max: 903.8, Diff: 0.0]
   [Code Root Fixup: 0.0 ms]
   [Code Root Purge: 0.0 ms]
   [Clear CT: 0.1 ms]
   [Other: 3.4 ms]
      [Choose CSet: 0.0 ms]
      [Ref Proc: 3.0 ms]
      [Ref Enq: 0.0 ms]
      [Redirty Cards: 0.0 ms]
      [Humongous Register: 0.0 ms]
      [Humongous Reclaim: 0.0 ms]
      [Free CSet: 0.1 ms]
   [Eden: 157.0M(606.0M)->0.0B(599.0M) Survivors: 8192.0K->15.0M Heap: 165.4M(1024.0M)->14.9M(1024.0M)]
 [Times: user=0.00 sys=0.00, real=0.01 secs] 
2021-01-21T21:56:25.029+0800: 0.907: [GC concurrent-root-region-scan-start]
2021-01-21T21:56:25.034+0800: 0.913: [GC concurrent-root-region-scan-end, 0.0055452 secs]
2021-01-21T21:56:25.035+0800: 0.913: [GC concurrent-mark-start]
2021-01-21T21:56:25.035+0800: 0.913: [GC concurrent-mark-end, 0.0001976 secs]
2021-01-21T21:56:25.035+0800: 0.914: [GC remark 2021-01-21T21:56:25.035+0800: 0.914: [Finalize Marking, 0.0001252 secs] 2021-01-21T21:56:25.035+0800: 0.914: [GC ref-proc, 0.0001139 secs] 2021-01-21T21:56:25.036+0800: 0.914: [Unloading, 0.0022029 secs], 0.0026457 secs]
 [Times: user=0.00 sys=0.00, real=0.00 secs] 
2021-01-21T21:56:25.038+0800: 0.916: [GC cleanup 21M->20M(1024M), 0.0005900 secs]
 [Times: user=0.00 sys=0.00, real=0.00 secs] 
2021-01-21T21:56:25.039+0800: 0.917: [GC concurrent-cleanup-start]
2021-01-21T21:56:25.039+0800: 0.917: [GC concurrent-cleanup-end, 0.0000097 secs]
2021-01-21T21:56:37.346+0800: 13.230: [GC pause (Metadata GC Threshold) (young) (initial-mark), 0.0150527 secs]
   [Parallel Time: 10.4 ms, GC Workers: 8]
      [GC Worker Start (ms): Min: 13229.6, Avg: 13229.7, Max: 13229.7, Diff: 0.0]
      [Ext Root Scanning (ms): Min: 1.1, Avg: 1.3, Max: 1.6, Diff: 0.5, Sum: 10.6]
      [Update RS (ms): Min: 0.0, Avg: 0.0, Max: 0.0, Diff: 0.0, Sum: 0.0]
         [Processed Buffers: Min: 0, Avg: 0.3, Max: 1, Diff: 1, Sum: 2]
      [Scan RS (ms): Min: 0.0, Avg: 0.0, Max: 0.1, Diff: 0.1, Sum: 0.3]
      [Code Root Scanning (ms): Min: 0.2, Avg: 0.5, Max: 1.2, Diff: 1.0, Sum: 4.0]
      [Object Copy (ms): Min: 7.7, Avg: 8.4, Max: 8.9, Diff: 1.2, Sum: 67.2]
      [Termination (ms): Min: 0.0, Avg: 0.0, Max: 0.0, Diff: 0.0, Sum: 0.0]
         [Termination Attempts: Min: 1, Avg: 16.0, Max: 26, Diff: 25, Sum: 128]
      [GC Worker Other (ms): Min: 0.0, Avg: 0.0, Max: 0.0, Diff: 0.0, Sum: 0.2]
      [GC Worker Total (ms): Min: 10.3, Avg: 10.3, Max: 10.3, Diff: 0.0, Sum: 82.3]
      [GC Worker End (ms): Min: 13239.9, Avg: 13239.9, Max: 13240.0, Diff: 0.0]
   [Code Root Fixup: 0.1 ms]
   [Code Root Purge: 0.0 ms]
   [Clear CT: 0.1 ms]
   [Other: 4.4 ms]
      [Choose CSet: 0.0 ms]
      [Ref Proc: 3.7 ms]
      [Ref Enq: 0.0 ms]
      [Redirty Cards: 0.0 ms]
      [Humongous Register: 0.0 ms]
      [Humongous Reclaim: 0.0 ms]
      [Free CSet: 0.4 ms]
   [Eden: 448.0M(599.0M)->0.0B(585.0M) Survivors: 15.0M->29.0M Heap: 462.5M(1024.0M)->29.0M(1024.0M)]
 [Times: user=0.02 sys=0.00, real=0.02 secs] 
2021-01-21T21:56:37.362+0800: 13.245: [GC concurrent-root-region-scan-start]
2021-01-21T21:56:37.379+0800: 13.257: [GC concurrent-root-region-scan-end, 0.0125694 secs]
2021-01-21T21:56:37.379+0800: 13.257: [GC concurrent-mark-start]
2021-01-21T21:56:37.379+0800: 13.258: [GC concurrent-mark-end, 0.0001892 secs]
2021-01-21T21:56:37.379+0800: 13.258: [GC remark 2021-01-21T21:56:37.379+0800: 13.258: [Finalize Marking, 0.0001341 secs] 2021-01-21T21:56:37.379+0800: 13.258: [GC ref-proc, 0.0001168 secs] 2021-01-21T21:56:37.379+0800: 13.258: [Unloading, 0.0040575 secs], 0.0045043 secs]
 [Times: user=0.00 sys=0.00, real=0.01 secs] 
2021-01-21T21:56:37.384+0800: 13.263: [GC cleanup 37M->37M(1024M), 0.0004882 secs]
 [Times: user=0.00 sys=0.00, real=0.00 secs] 
2021-01-21T21:56:53.988+0800: 29.867: [GC pause (G1 Evacuation Pause) (young), 0.0180758 secs]
   [Parallel Time: 16.0 ms, GC Workers: 8]
      [GC Worker Start (ms): Min: 29867.1, Avg: 29867.2, Max: 29867.2, Diff: 0.1]
      [Ext Root Scanning (ms): Min: 0.4, Avg: 0.8, Max: 3.3, Diff: 2.9, Sum: 6.7]
      [Update RS (ms): Min: 0.0, Avg: 0.0, Max: 0.0, Diff: 0.0, Sum: 0.0]
         [Processed Buffers: Min: 0, Avg: 0.0, Max: 0, Diff: 0, Sum: 0]
      [Scan RS (ms): Min: 0.0, Avg: 0.1, Max: 0.1, Diff: 0.1, Sum: 0.6]
      [Code Root Scanning (ms): Min: 0.0, Avg: 1.5, Max: 3.6, Diff: 3.6, Sum: 12.0]
      [Object Copy (ms): Min: 11.7, Avg: 13.4, Max: 14.8, Diff: 3.1, Sum: 107.1]
      [Termination (ms): Min: 0.0, Avg: 0.0, Max: 0.1, Diff: 0.1, Sum: 0.4]
         [Termination Attempts: Min: 1, Avg: 245.6, Max: 324, Diff: 323, Sum: 1965]
      [GC Worker Other (ms): Min: 0.0, Avg: 0.0, Max: 0.1, Diff: 0.1, Sum: 0.4]
      [GC Worker Total (ms): Min: 15.8, Avg: 15.9, Max: 16.0, Diff: 0.1, Sum: 127.2]
      [GC Worker End (ms): Min: 29883.0, Avg: 29883.1, Max: 29883.1, Diff: 0.1]
   [Code Root Fixup: 0.5 ms]
   [Code Root Purge: 0.0 ms]
   [Clear CT: 0.2 ms]
   [Other: 1.4 ms]
      [Choose CSet: 0.0 ms]
      [Ref Proc: 0.4 ms]
      [Ref Enq: 0.0 ms]
      [Redirty Cards: 0.1 ms]
      [Humongous Register: 0.0 ms]
      [Humongous Reclaim: 0.0 ms]
      [Free CSet: 0.5 ms]
   [Eden: 585.0M(585.0M)->0.0B(591.0M) Survivors: 29.0M->23.0M Heap: 614.0M(1024.0M)->22.5M(1024.0M)]
 [Times: user=0.11 sys=0.02, real=0.02 secs] 
2021-01-21T21:57:05.318+0800: 41.196: [GC pause (G1 Evacuation Pause) (young), 0.0148571 secs]
   [Parallel Time: 13.3 ms, GC Workers: 8]
      [GC Worker Start (ms): Min: 41196.6, Avg: 41196.6, Max: 41196.6, Diff: 0.0]
      [Ext Root Scanning (ms): Min: 0.3, Avg: 0.7, Max: 3.0, Diff: 2.7, Sum: 5.7]
      [Update RS (ms): Min: 0.0, Avg: 0.0, Max: 0.0, Diff: 0.0, Sum: 0.0]
         [Processed Buffers: Min: 0, Avg: 0.0, Max: 0, Diff: 0, Sum: 0]
      [Scan RS (ms): Min: 0.0, Avg: 0.1, Max: 0.1, Diff: 0.1, Sum: 0.7]
      [Code Root Scanning (ms): Min: 0.0, Avg: 1.2, Max: 2.6, Diff: 2.6, Sum: 9.3]
      [Object Copy (ms): Min: 9.8, Avg: 11.2, Max: 12.7, Diff: 2.9, Sum: 89.5]
      [Termination (ms): Min: 0.0, Avg: 0.0, Max: 0.0, Diff: 0.0, Sum: 0.3]
         [Termination Attempts: Min: 1, Avg: 186.6, Max: 239, Diff: 238, Sum: 1493]
      [GC Worker Other (ms): Min: 0.0, Avg: 0.0, Max: 0.1, Diff: 0.1, Sum: 0.4]
      [GC Worker Total (ms): Min: 13.2, Avg: 13.2, Max: 13.3, Diff: 0.1, Sum: 105.7]
      [GC Worker End (ms): Min: 41209.8, Avg: 41209.8, Max: 41209.8, Diff: 0.1]
   [Code Root Fixup: 0.4 ms]
   [Code Root Purge: 0.0 ms]
   [Clear CT: 0.2 ms]
   [Other: 1.0 ms]
      [Choose CSet: 0.0 ms]
      [Ref Proc: 0.2 ms]
      [Ref Enq: 0.0 ms]
      [Redirty Cards: 0.1 ms]
      [Humongous Register: 0.0 ms]
      [Humongous Reclaim: 0.0 ms]
      [Free CSet: 0.5 ms]
   [Eden: 591.0M(591.0M)->0.0B(591.0M) Survivors: 23.0M->23.0M Heap: 613.5M(1024.0M)->23.0M(1024.0M)]
 [Times: user=0.13 sys=0.00, real=0.01 secs] 
Heap
 garbage-first heap   total 1048576K, used 166911K [0x00000000c0000000, 0x00000000c0102000, 0x0000000100000000)
  region size 1024K, 164 young (167936K), 23 survivors (23552K)
 Metaspace       used 36617K, capacity 38800K, committed 39120K, reserved 1083392K
  class space    used 4646K, capacity 4997K, committed 5116K, reserved 1048576K
