Java HotSpot(TM) 64-Bit Server VM (25.271-b09) for windows-amd64 JRE (1.8.0_271-b09), built on Sep 16 2020 19:14:59 by "" with MS VC++ 15.9 (VS2017)
Memory: 4k page, physical 16522052k(9333120k free), swap 19012420k(7752356k free)
CommandLine flags: -XX:InitialHeapSize=1073741824 -XX:MaxHeapSize=1073741824 -XX:+PrintGC -XX:+PrintGCDateStamps -XX:+PrintGCDetails -XX:+PrintGCTimeStamps -XX:-UseAdaptiveSizePolicy -XX:+UseCompressedClassPointers -XX:+UseCompressedOops -XX:-UseLargePagesIndividualAllocation -XX:+UseSerialGC 
2021-01-21T21:51:22.763+0800: 0.829: [GC (Allocation Failure) 2021-01-21T21:51:22.763+0800: 0.829: [DefNew: 279616K->14780K(314560K), 0.0194991 secs] 279616K->14780K(1013632K), 0.0197050 secs] [Times: user=0.08 sys=0.00, real=0.04 secs] 
2021-01-21T21:51:22.801+0800: 0.863: [Full GC (Metadata GC Threshold) 2021-01-21T21:51:22.801+0800: 0.863: [Tenured: 0K->12977K(699072K), 0.0221757 secs] 32732K->12977K(1013632K), [Metaspace: 20559K->20559K(1067008K)], 0.0222491 secs] [Times: user=0.03 sys=0.00, real=0.03 secs] 
2021-01-21T21:51:24.202+0800: 2.260: [GC (Allocation Failure) 2021-01-21T21:51:24.202+0800: 2.260: [DefNew: 279616K->15676K(314560K), 0.0332691 secs] 292593K->28653K(1013632K), 0.0334695 secs] [Times: user=0.11 sys=0.00, real=0.03 secs] 
2021-01-21T21:51:34.245+0800: 12.310: [Full GC (Metadata GC Threshold) 2021-01-21T21:51:34.245+0800: 12.310: [Tenured: 12977K->26285K(699072K), 0.0697804 secs] 239071K->26285K(1013632K), [Metaspace: 33917K->33917K(1079296K)], 0.0698496 secs] [Times: user=0.08 sys=0.00, real=0.07 secs] 
2021-01-21T21:51:42.059+0800: 20.117: [GC (Allocation Failure) 2021-01-21T21:51:42.059+0800: 20.117: [DefNew: 279616K->4495K(314560K), 0.0084325 secs] 305901K->30780K(1013632K), 0.0085559 secs] [Times: user=0.01 sys=0.00, real=0.01 secs] 
2021-01-21T21:51:46.596+0800: 24.653: [GC (Allocation Failure) 2021-01-21T21:51:46.596+0800: 24.653: [DefNew: 284111K->3998K(314560K), 0.0058038 secs] 310396K->30283K(1013632K), 0.0059177 secs] [Times: user=0.00 sys=0.00, real=0.01 secs] 
2021-01-21T21:51:50.553+0800: 28.611: [GC (Allocation Failure) 2021-01-21T21:51:50.553+0800: 28.611: [DefNew: 283614K->4012K(314560K), 0.0057094 secs] 309899K->30297K(1013632K), 0.0058326 secs] [Times: user=0.00 sys=0.00, real=0.01 secs] 
2021-01-21T21:51:54.667+0800: 32.725: [GC (Allocation Failure) 2021-01-21T21:51:54.667+0800: 32.725: [DefNew: 283628K->4031K(314560K), 0.0064059 secs] 309913K->30317K(1013632K), 0.0065423 secs] [Times: user=0.02 sys=0.00, real=0.01 secs] 
2021-01-21T21:51:58.290+0800: 36.348: [GC (Allocation Failure) 2021-01-21T21:51:58.290+0800: 36.348: [DefNew: 283647K->4041K(314560K), 0.0054367 secs] 309933K->30327K(1013632K), 0.0055515 secs] [Times: user=0.00 sys=0.00, real=0.01 secs] 
2021-01-21T21:52:01.822+0800: 39.880: [GC (Allocation Failure) 2021-01-21T21:52:01.822+0800: 39.880: [DefNew: 283657K->4029K(314560K), 0.0059079 secs] 309943K->30314K(1013632K), 0.0060157 secs] [Times: user=0.00 sys=0.00, real=0.01 secs] 
Heap
 def new generation   total 314560K, used 141185K [0x00000000c0000000, 0x00000000d5550000, 0x00000000d5550000)
  eden space 279616K,  49% used [0x00000000c0000000, 0x00000000c85f1148, 0x00000000d1110000)
  from space 34944K,  11% used [0x00000000d1110000, 0x00000000d14ff5b0, 0x00000000d3330000)
  to   space 34944K,   0% used [0x00000000d3330000, 0x00000000d3330000, 0x00000000d5550000)
 tenured generation   total 699072K, used 26285K [0x00000000d5550000, 0x0000000100000000, 0x0000000100000000)
   the space 699072K,   3% used [0x00000000d5550000, 0x00000000d6efb4f8, 0x00000000d6efb600, 0x0000000100000000)
 Metaspace       used 36773K, capacity 39224K, committed 39464K, reserved 1083392K
  class space    used 4680K, capacity 5057K, committed 5160K, reserved 1048576K
