Java HotSpot(TM) 64-Bit Server VM (25.271-b09) for windows-amd64 JRE (1.8.0_271-b09), built on Sep 16 2020 19:14:59 by "" with MS VC++ 15.9 (VS2017)
Memory: 4k page, physical 16522052k(9424268k free), swap 19012420k(9285436k free)
CommandLine flags: -XX:InitialHeapSize=1073741824 -XX:MaxHeapSize=1073741824 -XX:MaxNewSize=357916672 -XX:MaxTenuringThreshold=6 -XX:NewSize=357916672 -XX:OldPLABSize=16 -XX:OldSize=715825152 -XX:+PrintGC -XX:+PrintGCDateStamps -XX:+PrintGCDetails -XX:+PrintGCTimeStamps -XX:+UseCompressedClassPointers -XX:+UseCompressedOops -XX:+UseConcMarkSweepGC -XX:-UseLargePagesIndividualAllocation -XX:+UseParNewGC 
2021-01-21T21:01:09.574+0800: 0.176: [GC (Allocation Failure) 2021-01-21T21:01:09.574+0800: 0.176: [ParNew: 279616K->34943K(314560K), 0.0128441 secs] 279616K->81744K(1013632K), 0.0130017 secs] [Times: user=0.08 sys=0.05, real=0.01 secs] 
2021-01-21T21:01:09.622+0800: 0.224: [GC (Allocation Failure) 2021-01-21T21:01:09.622+0800: 0.224: [ParNew: 314559K->34944K(314560K), 0.0182296 secs] 361360K->161945K(1013632K), 0.0183072 secs] [Times: user=0.03 sys=0.08, real=0.02 secs] 
2021-01-21T21:01:09.692+0800: 0.295: [GC (Allocation Failure) 2021-01-21T21:01:09.692+0800: 0.295: [ParNew: 314560K->34944K(314560K), 0.0334499 secs] 441561K->243959K(1013632K), 0.0335262 secs] [Times: user=0.22 sys=0.03, real=0.03 secs] 
2021-01-21T21:01:09.755+0800: 0.358: [GC (Allocation Failure) 2021-01-21T21:01:09.755+0800: 0.358: [ParNew: 314560K->34944K(314560K), 0.0307835 secs] 523575K->319370K(1013632K), 0.0308470 secs] [Times: user=0.22 sys=0.03, real=0.03 secs] 
2021-01-21T21:01:09.814+0800: 0.416: [GC (Allocation Failure) 2021-01-21T21:01:09.814+0800: 0.417: [ParNew: 314560K->34942K(314560K), 0.0344851 secs] 598986K->404130K(1013632K), 0.0345504 secs] [Times: user=0.22 sys=0.03, real=0.04 secs] 
2021-01-21T21:01:09.849+0800: 0.451: [GC (CMS Initial Mark) [1 CMS-initial-mark: 369188K(699072K)] 409903K(1013632K), 0.0000935 secs] [Times: user=0.00 sys=0.00, real=0.00 secs] 
2021-01-21T21:01:09.849+0800: 0.451: [CMS-concurrent-mark-start]
2021-01-21T21:01:09.851+0800: 0.453: [CMS-concurrent-mark: 0.002/0.002 secs] [Times: user=0.00 sys=0.00, real=0.00 secs] 
2021-01-21T21:01:09.851+0800: 0.453: [CMS-concurrent-preclean-start]
2021-01-21T21:01:09.851+0800: 0.454: [CMS-concurrent-preclean: 0.001/0.001 secs] [Times: user=0.00 sys=0.00, real=0.00 secs] 
2021-01-21T21:01:09.851+0800: 0.454: [CMS-concurrent-abortable-preclean-start]
2021-01-21T21:01:09.878+0800: 0.480: [GC (Allocation Failure) 2021-01-21T21:01:09.878+0800: 0.480: [ParNew: 314558K->34944K(314560K), 0.0332408 secs] 683746K->485299K(1013632K), 0.0333021 secs] [Times: user=0.23 sys=0.02, real=0.03 secs] 
2021-01-21T21:01:09.942+0800: 0.544: [GC (Allocation Failure) 2021-01-21T21:01:09.942+0800: 0.544: [ParNew: 314044K->34942K(314560K), 0.0353183 secs] 764400K->571231K(1013632K), 0.0353805 secs] [Times: user=0.22 sys=0.01, real=0.04 secs] 
2021-01-21T21:01:10.007+0800: 0.609: [GC (Allocation Failure) 2021-01-21T21:01:10.007+0800: 0.609: [ParNew: 314558K->34943K(314560K), 0.0310511 secs] 850847K->649249K(1013632K), 0.0311228 secs] [Times: user=0.23 sys=0.02, real=0.03 secs] 
2021-01-21T21:01:10.068+0800: 0.670: [GC (Allocation Failure) 2021-01-21T21:01:10.068+0800: 0.670: [ParNew: 314559K->314559K(314560K), 0.0000149 secs]2021-01-21T21:01:10.068+0800: 0.670: [CMS2021-01-21T21:01:10.068+0800: 0.670: [CMS-concurrent-abortable-preclean: 0.006/0.216 secs] [Times: user=0.81 sys=0.05, real=0.22 secs] 
 (concurrent mode failure): 614306K->345092K(699072K), 0.0474668 secs] 928865K->345092K(1013632K), [Metaspace: 2637K->2637K(1056768K)], 0.0475635 secs] [Times: user=0.05 sys=0.00, real=0.05 secs] 
2021-01-21T21:01:10.146+0800: 0.748: [GC (Allocation Failure) 2021-01-21T21:01:10.146+0800: 0.748: [ParNew: 279616K->34943K(314560K), 0.0119264 secs] 624708K->432460K(1013632K), 0.0119925 secs] [Times: user=0.00 sys=0.00, real=0.01 secs] 
2021-01-21T21:01:10.158+0800: 0.761: [GC (CMS Initial Mark) [1 CMS-initial-mark: 397517K(699072K)] 433230K(1013632K), 0.0002434 secs] [Times: user=0.00 sys=0.00, real=0.00 secs] 
2021-01-21T21:01:10.158+0800: 0.761: [CMS-concurrent-mark-start]
2021-01-21T21:01:10.160+0800: 0.763: [CMS-concurrent-mark: 0.002/0.002 secs] [Times: user=0.00 sys=0.00, real=0.00 secs] 
2021-01-21T21:01:10.160+0800: 0.763: [CMS-concurrent-preclean-start]
2021-01-21T21:01:10.161+0800: 0.763: [CMS-concurrent-preclean: 0.001/0.001 secs] [Times: user=0.00 sys=0.00, real=0.00 secs] 
2021-01-21T21:01:10.161+0800: 0.763: [CMS-concurrent-abortable-preclean-start]
2021-01-21T21:01:10.187+0800: 0.790: [GC (Allocation Failure) 2021-01-21T21:01:10.187+0800: 0.790: [ParNew: 314559K->34943K(314560K), 0.0153110 secs] 712076K->512531K(1013632K), 0.0153943 secs] [Times: user=0.09 sys=0.00, real=0.02 secs] 
2021-01-21T21:01:10.235+0800: 0.837: [GC (Allocation Failure) 2021-01-21T21:01:10.235+0800: 0.837: [ParNew: 314559K->34942K(314560K), 0.0146002 secs] 792147K->587819K(1013632K), 0.0147006 secs] [Times: user=0.11 sys=0.00, real=0.01 secs] 
2021-01-21T21:01:10.279+0800: 0.882: [GC (Allocation Failure) 2021-01-21T21:01:10.279+0800: 0.882: [ParNew: 314558K->34943K(314560K), 0.0178087 secs] 867435K->664394K(1013632K), 0.0179191 secs] [Times: user=0.13 sys=0.00, real=0.02 secs] 
2021-01-21T21:01:10.327+0800: 0.930: [GC (Allocation Failure) 2021-01-21T21:01:10.327+0800: 0.930: [ParNew: 314559K->314559K(314560K), 0.0000145 secs]2021-01-21T21:01:10.327+0800: 0.930: [CMS2021-01-21T21:01:10.328+0800: 0.930: [CMS-concurrent-abortable-preclean: 0.006/0.166 secs] [Times: user=0.47 sys=0.00, real=0.17 secs] 
 (concurrent mode failure): 629451K->363595K(699072K), 0.0498552 secs] 944010K->363595K(1013632K), [Metaspace: 2637K->2637K(1056768K)], 0.0499562 secs] [Times: user=0.06 sys=0.00, real=0.05 secs] 
2021-01-21T21:01:10.411+0800: 1.013: [GC (Allocation Failure) 2021-01-21T21:01:10.411+0800: 1.013: [ParNew: 279616K->34943K(314560K), 0.0121056 secs] 643211K->454436K(1013632K), 0.0121944 secs] [Times: user=0.01 sys=0.00, real=0.01 secs] 
2021-01-21T21:01:10.424+0800: 1.026: [GC (CMS Initial Mark) [1 CMS-initial-mark: 419493K(699072K)] 460136K(1013632K), 0.0005485 secs] [Times: user=0.00 sys=0.00, real=0.00 secs] 
2021-01-21T21:01:10.424+0800: 1.026: [CMS-concurrent-mark-start]
2021-01-21T21:01:10.426+0800: 1.028: [CMS-concurrent-mark: 0.002/0.002 secs] [Times: user=0.00 sys=0.00, real=0.00 secs] 
2021-01-21T21:01:10.426+0800: 1.028: [CMS-concurrent-preclean-start]
2021-01-21T21:01:10.427+0800: 1.029: [CMS-concurrent-preclean: 0.001/0.001 secs] [Times: user=0.00 sys=0.00, real=0.00 secs] 
2021-01-21T21:01:10.427+0800: 1.029: [CMS-concurrent-abortable-preclean-start]
2021-01-21T21:01:10.456+0800: 1.058: [GC (Allocation Failure) 2021-01-21T21:01:10.456+0800: 1.058: [ParNew: 314559K->34943K(314560K), 0.0144865 secs] 734052K->529892K(1013632K), 0.0145589 secs] [Times: user=0.02 sys=0.00, real=0.01 secs] 
Heap
 par new generation   total 314560K, used 46300K [0x00000000c0000000, 0x00000000d5550000, 0x00000000d5550000)
  eden space 279616K,   4% used [0x00000000c0000000, 0x00000000c0b17188, 0x00000000d1110000)
  from space 34944K,  99% used [0x00000000d1110000, 0x00000000d332ff08, 0x00000000d3330000)
  to   space 34944K,   0% used [0x00000000d3330000, 0x00000000d3330000, 0x00000000d5550000)
 concurrent mark-sweep generation total 699072K, used 494948K [0x00000000d5550000, 0x0000000100000000, 0x0000000100000000)
 Metaspace       used 2643K, capacity 4486K, committed 4864K, reserved 1056768K
  class space    used 291K, capacity 386K, committed 512K, reserved 1048576K
