Java HotSpot(TM) 64-Bit Server VM (25.271-b09) for windows-amd64 JRE (1.8.0_271-b09), built on Sep 16 2020 19:14:59 by "" with MS VC++ 15.9 (VS2017)
Memory: 4k page, physical 16522052k(9427832k free), swap 19012420k(9282668k free)
CommandLine flags: -XX:InitialHeapSize=1073741824 -XX:MaxHeapSize=1073741824 -XX:+PrintGC -XX:+PrintGCDateStamps -XX:+PrintGCDetails -XX:+PrintGCTimeStamps -XX:+UseCompressedClassPointers -XX:+UseCompressedOops -XX:+UseG1GC -XX:-UseLargePagesIndividualAllocation 
2021-01-21T20:57:26.607+0800: 0.122: [GC pause (G1 Evacuation Pause) (young), 0.0046766 secs]
   [Parallel Time: 2.9 ms, GC Workers: 8]
      [GC Worker Start (ms): Min: 122.0, Avg: 122.1, Max: 122.4, Diff: 0.4]
      [Ext Root Scanning (ms): Min: 0.0, Avg: 0.1, Max: 0.2, Diff: 0.2, Sum: 1.0]
      [Update RS (ms): Min: 0.0, Avg: 0.0, Max: 0.0, Diff: 0.0, Sum: 0.0]
         [Processed Buffers: Min: 0, Avg: 0.0, Max: 0, Diff: 0, Sum: 0]
      [Scan RS (ms): Min: 0.0, Avg: 0.0, Max: 0.0, Diff: 0.0, Sum: 0.0]
      [Code Root Scanning (ms): Min: 0.0, Avg: 0.0, Max: 0.0, Diff: 0.0, Sum: 0.0]
      [Object Copy (ms): Min: 2.3, Avg: 2.4, Max: 2.5, Diff: 0.3, Sum: 19.4]
      [Termination (ms): Min: 0.0, Avg: 0.1, Max: 0.2, Diff: 0.2, Sum: 0.8]
         [Termination Attempts: Min: 1, Avg: 1.0, Max: 1, Diff: 0, Sum: 8]
      [GC Worker Other (ms): Min: 0.0, Avg: 0.0, Max: 0.0, Diff: 0.0, Sum: 0.2]
      [GC Worker Total (ms): Min: 2.4, Avg: 2.7, Max: 2.8, Diff: 0.4, Sum: 21.5]
      [GC Worker End (ms): Min: 124.8, Avg: 124.8, Max: 124.8, Diff: 0.0]
   [Code Root Fixup: 0.0 ms]
   [Code Root Purge: 0.0 ms]
   [Clear CT: 0.7 ms]
   [Other: 1.1 ms]
      [Choose CSet: 0.0 ms]
      [Ref Proc: 0.3 ms]
      [Ref Enq: 0.0 ms]
      [Redirty Cards: 0.5 ms]
      [Humongous Register: 0.0 ms]
      [Humongous Reclaim: 0.0 ms]
      [Free CSet: 0.0 ms]
   [Eden: 51.0M(51.0M)->0.0B(44.0M) Survivors: 0.0B->7168.0K Heap: 64.3M(1024.0M)->27.4M(1024.0M)]
 [Times: user=0.00 sys=0.00, real=0.00 secs] 
2021-01-21T20:57:26.623+0800: 0.138: [GC pause (G1 Evacuation Pause) (young), 0.0046122 secs]
   [Parallel Time: 2.8 ms, GC Workers: 8]
      [GC Worker Start (ms): Min: 137.9, Avg: 138.2, Max: 139.6, Diff: 1.7]
      [Ext Root Scanning (ms): Min: 0.0, Avg: 0.1, Max: 0.2, Diff: 0.2, Sum: 0.8]
      [Update RS (ms): Min: 0.0, Avg: 0.0, Max: 0.1, Diff: 0.1, Sum: 0.1]
         [Processed Buffers: Min: 0, Avg: 0.6, Max: 2, Diff: 2, Sum: 5]
      [Scan RS (ms): Min: 0.0, Avg: 0.0, Max: 0.0, Diff: 0.0, Sum: 0.0]
      [Code Root Scanning (ms): Min: 0.0, Avg: 0.0, Max: 0.0, Diff: 0.0, Sum: 0.0]
      [Object Copy (ms): Min: 0.9, Avg: 2.2, Max: 2.5, Diff: 1.6, Sum: 17.7]
      [Termination (ms): Min: 0.0, Avg: 0.1, Max: 0.2, Diff: 0.2, Sum: 0.7]
         [Termination Attempts: Min: 1, Avg: 1.0, Max: 1, Diff: 0, Sum: 8]
      [GC Worker Other (ms): Min: 0.0, Avg: 0.0, Max: 0.0, Diff: 0.0, Sum: 0.1]
      [GC Worker Total (ms): Min: 1.0, Avg: 2.4, Max: 2.8, Diff: 1.8, Sum: 19.6]
      [GC Worker End (ms): Min: 140.6, Avg: 140.6, Max: 140.6, Diff: 0.0]
   [Code Root Fixup: 0.0 ms]
   [Code Root Purge: 0.0 ms]
   [Clear CT: 0.7 ms]
   [Other: 1.1 ms]
      [Choose CSet: 0.0 ms]
      [Ref Proc: 0.2 ms]
      [Ref Enq: 0.0 ms]
      [Redirty Cards: 0.7 ms]
      [Humongous Register: 0.0 ms]
      [Humongous Reclaim: 0.0 ms]
      [Free CSet: 0.0 ms]
   [Eden: 44.0M(44.0M)->0.0B(44.0M) Survivors: 7168.0K->7168.0K Heap: 84.9M(1024.0M)->45.7M(1024.0M)]
 [Times: user=0.06 sys=0.06, real=0.01 secs] 
2021-01-21T20:57:26.636+0800: 0.150: [GC pause (G1 Evacuation Pause) (young), 0.0053725 secs]
   [Parallel Time: 3.6 ms, GC Workers: 8]
      [GC Worker Start (ms): Min: 150.3, Avg: 150.4, Max: 150.5, Diff: 0.1]
      [Ext Root Scanning (ms): Min: 0.1, Avg: 0.1, Max: 0.2, Diff: 0.1, Sum: 0.7]
      [Update RS (ms): Min: 0.3, Avg: 0.3, Max: 0.3, Diff: 0.1, Sum: 2.5]
         [Processed Buffers: Min: 1, Avg: 5.6, Max: 7, Diff: 6, Sum: 45]
      [Scan RS (ms): Min: 0.0, Avg: 0.0, Max: 0.0, Diff: 0.0, Sum: 0.0]
      [Code Root Scanning (ms): Min: 0.0, Avg: 0.0, Max: 0.0, Diff: 0.0, Sum: 0.0]
      [Object Copy (ms): Min: 2.3, Avg: 2.5, Max: 2.6, Diff: 0.3, Sum: 19.6]
      [Termination (ms): Min: 0.0, Avg: 0.2, Max: 0.3, Diff: 0.3, Sum: 1.4]
         [Termination Attempts: Min: 1, Avg: 1.0, Max: 1, Diff: 0, Sum: 8]
      [GC Worker Other (ms): Min: 0.0, Avg: 0.0, Max: 0.0, Diff: 0.0, Sum: 0.1]
      [GC Worker Total (ms): Min: 3.0, Avg: 3.0, Max: 3.1, Diff: 0.1, Sum: 24.3]
      [GC Worker End (ms): Min: 153.5, Avg: 153.5, Max: 153.5, Diff: 0.0]
   [Code Root Fixup: 0.0 ms]
   [Code Root Purge: 0.0 ms]
   [Clear CT: 0.9 ms]
   [Other: 0.9 ms]
      [Choose CSet: 0.0 ms]
      [Ref Proc: 0.3 ms]
      [Ref Enq: 0.0 ms]
      [Redirty Cards: 0.5 ms]
      [Humongous Register: 0.0 ms]
      [Humongous Reclaim: 0.0 ms]
      [Free CSet: 0.0 ms]
   [Eden: 44.0M(44.0M)->0.0B(56.0M) Survivors: 7168.0K->7168.0K Heap: 97.6M(1024.0M)->63.8M(1024.0M)]
 [Times: user=0.00 sys=0.00, real=0.01 secs] 
2021-01-21T20:57:26.658+0800: 0.172: [GC pause (G1 Evacuation Pause) (young), 0.0046665 secs]
   [Parallel Time: 3.1 ms, GC Workers: 8]
      [GC Worker Start (ms): Min: 172.5, Avg: 172.6, Max: 172.7, Diff: 0.2]
      [Ext Root Scanning (ms): Min: 0.0, Avg: 0.1, Max: 0.2, Diff: 0.2, Sum: 0.5]
      [Update RS (ms): Min: 0.3, Avg: 0.4, Max: 0.4, Diff: 0.2, Sum: 3.2]
         [Processed Buffers: Min: 5, Avg: 7.6, Max: 9, Diff: 4, Sum: 61]
      [Scan RS (ms): Min: 0.0, Avg: 0.0, Max: 0.0, Diff: 0.0, Sum: 0.0]
      [Code Root Scanning (ms): Min: 0.0, Avg: 0.0, Max: 0.0, Diff: 0.0, Sum: 0.0]
      [Object Copy (ms): Min: 2.3, Avg: 2.4, Max: 2.6, Diff: 0.3, Sum: 19.2]
      [Termination (ms): Min: 0.0, Avg: 0.1, Max: 0.2, Diff: 0.2, Sum: 0.5]
         [Termination Attempts: Min: 1, Avg: 1.0, Max: 1, Diff: 0, Sum: 8]
      [GC Worker Other (ms): Min: 0.0, Avg: 0.0, Max: 0.0, Diff: 0.0, Sum: 0.1]
      [GC Worker Total (ms): Min: 2.9, Avg: 3.0, Max: 3.1, Diff: 0.2, Sum: 23.7]
      [GC Worker End (ms): Min: 175.6, Avg: 175.6, Max: 175.6, Diff: 0.0]
   [Code Root Fixup: 0.0 ms]
   [Code Root Purge: 0.0 ms]
   [Clear CT: 0.9 ms]
   [Other: 0.7 ms]
      [Choose CSet: 0.0 ms]
      [Ref Proc: 0.2 ms]
      [Ref Enq: 0.0 ms]
      [Redirty Cards: 0.3 ms]
      [Humongous Register: 0.0 ms]
      [Humongous Reclaim: 0.0 ms]
      [Free CSet: 0.0 ms]
   [Eden: 56.0M(56.0M)->0.0B(136.0M) Survivors: 7168.0K->8192.0K Heap: 140.5M(1024.0M)->86.1M(1024.0M)]
 [Times: user=0.00 sys=0.00, real=0.01 secs] 
2021-01-21T20:57:26.708+0800: 0.223: [GC pause (G1 Evacuation Pause) (young), 0.0079995 secs]
   [Parallel Time: 6.5 ms, GC Workers: 8]
      [GC Worker Start (ms): Min: 222.8, Avg: 222.9, Max: 222.9, Diff: 0.1]
      [Ext Root Scanning (ms): Min: 0.0, Avg: 0.1, Max: 0.2, Diff: 0.1, Sum: 0.6]
      [Update RS (ms): Min: 0.1, Avg: 0.1, Max: 0.1, Diff: 0.1, Sum: 0.7]
         [Processed Buffers: Min: 1, Avg: 1.6, Max: 2, Diff: 1, Sum: 13]
      [Scan RS (ms): Min: 0.0, Avg: 0.0, Max: 0.0, Diff: 0.0, Sum: 0.1]
      [Code Root Scanning (ms): Min: 0.0, Avg: 0.0, Max: 0.0, Diff: 0.0, Sum: 0.0]
      [Object Copy (ms): Min: 5.9, Avg: 6.0, Max: 6.1, Diff: 0.2, Sum: 47.8]
      [Termination (ms): Min: 0.0, Avg: 0.2, Max: 0.2, Diff: 0.2, Sum: 1.2]
         [Termination Attempts: Min: 1, Avg: 1.0, Max: 1, Diff: 0, Sum: 8]
      [GC Worker Other (ms): Min: 0.0, Avg: 0.0, Max: 0.0, Diff: 0.0, Sum: 0.1]
      [GC Worker Total (ms): Min: 6.3, Avg: 6.3, Max: 6.4, Diff: 0.1, Sum: 50.7]
      [GC Worker End (ms): Min: 229.2, Avg: 229.2, Max: 229.2, Diff: 0.0]
   [Code Root Fixup: 0.0 ms]
   [Code Root Purge: 0.0 ms]
   [Clear CT: 0.3 ms]
   [Other: 1.2 ms]
      [Choose CSet: 0.0 ms]
      [Ref Proc: 0.1 ms]
      [Ref Enq: 0.0 ms]
      [Redirty Cards: 0.8 ms]
      [Humongous Register: 0.1 ms]
      [Humongous Reclaim: 0.0 ms]
      [Free CSet: 0.1 ms]
   [Eden: 136.0M(136.0M)->0.0B(98.0M) Survivors: 8192.0K->18.0M Heap: 253.4M(1024.0M)->132.9M(1024.0M)]
 [Times: user=0.00 sys=0.00, real=0.01 secs] 
2021-01-21T20:57:26.730+0800: 0.244: [GC pause (G1 Evacuation Pause) (young), 0.0078279 secs]
   [Parallel Time: 6.3 ms, GC Workers: 8]
      [GC Worker Start (ms): Min: 244.6, Avg: 244.6, Max: 244.7, Diff: 0.1]
      [Ext Root Scanning (ms): Min: 0.0, Avg: 0.1, Max: 0.2, Diff: 0.1, Sum: 0.7]
      [Update RS (ms): Min: 0.1, Avg: 0.1, Max: 0.2, Diff: 0.2, Sum: 1.0]
         [Processed Buffers: Min: 0, Avg: 1.6, Max: 2, Diff: 2, Sum: 13]
      [Scan RS (ms): Min: 0.0, Avg: 0.0, Max: 0.0, Diff: 0.0, Sum: 0.1]
      [Code Root Scanning (ms): Min: 0.0, Avg: 0.0, Max: 0.0, Diff: 0.0, Sum: 0.0]
      [Object Copy (ms): Min: 5.4, Avg: 5.5, Max: 5.6, Diff: 0.1, Sum: 44.1]
      [Termination (ms): Min: 0.0, Avg: 0.1, Max: 0.2, Diff: 0.2, Sum: 0.8]
         [Termination Attempts: Min: 1, Avg: 1.3, Max: 3, Diff: 2, Sum: 10]
      [GC Worker Other (ms): Min: 0.0, Avg: 0.0, Max: 0.1, Diff: 0.1, Sum: 0.2]
      [GC Worker Total (ms): Min: 5.8, Avg: 5.9, Max: 5.9, Diff: 0.1, Sum: 46.8]
      [GC Worker End (ms): Min: 250.5, Avg: 250.5, Max: 250.5, Diff: 0.1]
   [Code Root Fixup: 0.0 ms]
   [Code Root Purge: 0.0 ms]
   [Clear CT: 0.6 ms]
   [Other: 0.9 ms]
      [Choose CSet: 0.0 ms]
      [Ref Proc: 0.3 ms]
      [Ref Enq: 0.0 ms]
      [Redirty Cards: 0.4 ms]
      [Humongous Register: 0.1 ms]
      [Humongous Reclaim: 0.0 ms]
      [Free CSet: 0.0 ms]
   [Eden: 98.0M(98.0M)->0.0B(146.0M) Survivors: 18.0M->15.0M Heap: 252.6M(1024.0M)->171.7M(1024.0M)]
 [Times: user=0.02 sys=0.11, real=0.01 secs] 
2021-01-21T20:57:26.766+0800: 0.280: [GC pause (G1 Evacuation Pause) (young), 0.0093516 secs]
   [Parallel Time: 7.3 ms, GC Workers: 8]
      [GC Worker Start (ms): Min: 280.1, Avg: 280.2, Max: 280.2, Diff: 0.1]
      [Ext Root Scanning (ms): Min: 0.0, Avg: 0.1, Max: 0.2, Diff: 0.1, Sum: 0.7]
      [Update RS (ms): Min: 0.1, Avg: 0.1, Max: 0.3, Diff: 0.3, Sum: 1.0]
         [Processed Buffers: Min: 0, Avg: 1.8, Max: 3, Diff: 3, Sum: 14]
      [Scan RS (ms): Min: 0.0, Avg: 0.0, Max: 0.0, Diff: 0.0, Sum: 0.1]
      [Code Root Scanning (ms): Min: 0.0, Avg: 0.0, Max: 0.0, Diff: 0.0, Sum: 0.0]
      [Object Copy (ms): Min: 6.7, Avg: 6.9, Max: 6.9, Diff: 0.3, Sum: 54.9]
      [Termination (ms): Min: 0.0, Avg: 0.1, Max: 0.1, Diff: 0.1, Sum: 0.5]
         [Termination Attempts: Min: 1, Avg: 1.8, Max: 3, Diff: 2, Sum: 14]
      [GC Worker Other (ms): Min: 0.0, Avg: 0.0, Max: 0.0, Diff: 0.0, Sum: 0.1]
      [GC Worker Total (ms): Min: 7.1, Avg: 7.2, Max: 7.3, Diff: 0.1, Sum: 57.3]
      [GC Worker End (ms): Min: 287.3, Avg: 287.3, Max: 287.3, Diff: 0.0]
   [Code Root Fixup: 0.0 ms]
   [Code Root Purge: 0.0 ms]
   [Clear CT: 0.7 ms]
   [Other: 1.3 ms]
      [Choose CSet: 0.0 ms]
      [Ref Proc: 0.4 ms]
      [Ref Enq: 0.0 ms]
      [Redirty Cards: 0.6 ms]
      [Humongous Register: 0.1 ms]
      [Humongous Reclaim: 0.1 ms]
      [Free CSet: 0.1 ms]
   [Eden: 146.0M(146.0M)->0.0B(178.0M) Survivors: 15.0M->21.0M Heap: 356.4M(1024.0M)->223.2M(1024.0M)]
 [Times: user=0.05 sys=0.08, real=0.01 secs] 
2021-01-21T20:57:26.812+0800: 0.326: [GC pause (G1 Evacuation Pause) (young), 0.0101714 secs]
   [Parallel Time: 8.8 ms, GC Workers: 8]
      [GC Worker Start (ms): Min: 326.1, Avg: 326.2, Max: 326.2, Diff: 0.1]
      [Ext Root Scanning (ms): Min: 0.0, Avg: 0.1, Max: 0.2, Diff: 0.1, Sum: 0.7]
      [Update RS (ms): Min: 0.0, Avg: 0.2, Max: 0.3, Diff: 0.2, Sum: 1.3]
         [Processed Buffers: Min: 0, Avg: 2.4, Max: 3, Diff: 3, Sum: 19]
      [Scan RS (ms): Min: 0.0, Avg: 0.0, Max: 0.0, Diff: 0.0, Sum: 0.1]
      [Code Root Scanning (ms): Min: 0.0, Avg: 0.0, Max: 0.0, Diff: 0.0, Sum: 0.0]
      [Object Copy (ms): Min: 8.1, Avg: 8.2, Max: 8.4, Diff: 0.3, Sum: 65.9]
      [Termination (ms): Min: 0.0, Avg: 0.1, Max: 0.2, Diff: 0.2, Sum: 1.0]
         [Termination Attempts: Min: 1, Avg: 1.8, Max: 3, Diff: 2, Sum: 14]
      [GC Worker Other (ms): Min: 0.0, Avg: 0.0, Max: 0.0, Diff: 0.0, Sum: 0.1]
      [GC Worker Total (ms): Min: 8.6, Avg: 8.6, Max: 8.7, Diff: 0.1, Sum: 69.1]
      [GC Worker End (ms): Min: 334.8, Avg: 334.8, Max: 334.8, Diff: 0.0]
   [Code Root Fixup: 0.0 ms]
   [Code Root Purge: 0.0 ms]
   [Clear CT: 0.2 ms]
   [Other: 1.1 ms]
      [Choose CSet: 0.0 ms]
      [Ref Proc: 0.1 ms]
      [Ref Enq: 0.0 ms]
      [Redirty Cards: 0.7 ms]
      [Humongous Register: 0.1 ms]
      [Humongous Reclaim: 0.1 ms]
      [Free CSet: 0.1 ms]
   [Eden: 178.0M(178.0M)->0.0B(210.0M) Survivors: 21.0M->25.0M Heap: 453.1M(1024.0M)->284.3M(1024.0M)]
 [Times: user=0.06 sys=0.06, real=0.01 secs] 
2021-01-21T20:57:26.859+0800: 0.373: [GC pause (G1 Evacuation Pause) (young), 0.0121465 secs]
   [Parallel Time: 10.7 ms, GC Workers: 8]
      [GC Worker Start (ms): Min: 373.4, Avg: 373.5, Max: 373.5, Diff: 0.1]
      [Ext Root Scanning (ms): Min: 0.0, Avg: 0.1, Max: 0.1, Diff: 0.1, Sum: 0.6]
      [Update RS (ms): Min: 0.1, Avg: 0.2, Max: 0.4, Diff: 0.3, Sum: 1.4]
         [Processed Buffers: Min: 0, Avg: 2.5, Max: 3, Diff: 3, Sum: 20]
      [Scan RS (ms): Min: 0.0, Avg: 0.0, Max: 0.0, Diff: 0.0, Sum: 0.1]
      [Code Root Scanning (ms): Min: 0.0, Avg: 0.0, Max: 0.0, Diff: 0.0, Sum: 0.0]
      [Object Copy (ms): Min: 10.1, Avg: 10.3, Max: 10.3, Diff: 0.3, Sum: 82.1]
      [Termination (ms): Min: 0.0, Avg: 0.0, Max: 0.1, Diff: 0.1, Sum: 0.3]
         [Termination Attempts: Min: 1, Avg: 1.0, Max: 1, Diff: 0, Sum: 8]
      [GC Worker Other (ms): Min: 0.0, Avg: 0.0, Max: 0.0, Diff: 0.0, Sum: 0.1]
      [GC Worker Total (ms): Min: 10.5, Avg: 10.6, Max: 10.7, Diff: 0.1, Sum: 84.7]
      [GC Worker End (ms): Min: 384.1, Avg: 384.1, Max: 384.1, Diff: 0.0]
   [Code Root Fixup: 0.0 ms]
   [Code Root Purge: 0.0 ms]
   [Clear CT: 0.4 ms]
   [Other: 1.0 ms]
      [Choose CSet: 0.0 ms]
      [Ref Proc: 0.1 ms]
      [Ref Enq: 0.0 ms]
      [Redirty Cards: 0.6 ms]
      [Humongous Register: 0.1 ms]
      [Humongous Reclaim: 0.1 ms]
      [Free CSet: 0.1 ms]
   [Eden: 210.0M(210.0M)->0.0B(437.0M) Survivors: 25.0M->30.0M Heap: 552.5M(1024.0M)->359.1M(1024.0M)]
 [Times: user=0.06 sys=0.06, real=0.01 secs] 
2021-01-21T20:57:26.901+0800: 0.415: [GC pause (G1 Humongous Allocation) (young) (initial-mark), 0.0117916 secs]
   [Parallel Time: 10.1 ms, GC Workers: 8]
      [GC Worker Start (ms): Min: 415.6, Avg: 415.7, Max: 415.7, Diff: 0.1]
      [Ext Root Scanning (ms): Min: 0.0, Avg: 0.1, Max: 0.2, Diff: 0.1, Sum: 0.7]
      [Update RS (ms): Min: 0.2, Avg: 0.2, Max: 0.5, Diff: 0.3, Sum: 1.7]
         [Processed Buffers: Min: 0, Avg: 2.9, Max: 4, Diff: 4, Sum: 23]
      [Scan RS (ms): Min: 0.0, Avg: 0.0, Max: 0.0, Diff: 0.0, Sum: 0.2]
      [Code Root Scanning (ms): Min: 0.0, Avg: 0.0, Max: 0.0, Diff: 0.0, Sum: 0.0]
      [Object Copy (ms): Min: 9.3, Avg: 9.5, Max: 9.6, Diff: 0.3, Sum: 75.7]
      [Termination (ms): Min: 0.0, Avg: 0.1, Max: 0.2, Diff: 0.2, Sum: 1.1]
         [Termination Attempts: Min: 1, Avg: 1.8, Max: 3, Diff: 2, Sum: 14]
      [GC Worker Other (ms): Min: 0.0, Avg: 0.0, Max: 0.0, Diff: 0.0, Sum: 0.1]
      [GC Worker Total (ms): Min: 9.9, Avg: 9.9, Max: 10.0, Diff: 0.1, Sum: 79.5]
      [GC Worker End (ms): Min: 425.6, Avg: 425.6, Max: 425.6, Diff: 0.0]
   [Code Root Fixup: 0.0 ms]
   [Code Root Purge: 0.0 ms]
   [Clear CT: 0.5 ms]
   [Other: 1.2 ms]
      [Choose CSet: 0.0 ms]
      [Ref Proc: 0.2 ms]
      [Ref Enq: 0.0 ms]
      [Redirty Cards: 0.5 ms]
      [Humongous Register: 0.1 ms]
      [Humongous Reclaim: 0.1 ms]
      [Free CSet: 0.1 ms]
   [Eden: 189.0M(437.0M)->0.0B(365.0M) Survivors: 30.0M->59.0M Heap: 602.7M(1024.0M)->415.3M(1024.0M)]
 [Times: user=0.00 sys=0.13, real=0.01 secs] 
2021-01-21T20:57:26.913+0800: 0.427: [GC concurrent-root-region-scan-start]
2021-01-21T20:57:26.913+0800: 0.427: [GC concurrent-root-region-scan-end, 0.0001521 secs]
2021-01-21T20:57:26.913+0800: 0.427: [GC concurrent-mark-start]
2021-01-21T20:57:26.914+0800: 0.429: [GC concurrent-mark-end, 0.0014122 secs]
2021-01-21T20:57:26.914+0800: 0.429: [GC remark 2021-01-21T20:57:26.914+0800: 0.429: [Finalize Marking, 0.0000660 secs] 2021-01-21T20:57:26.914+0800: 0.429: [GC ref-proc, 0.0000610 secs] 2021-01-21T20:57:26.914+0800: 0.429: [Unloading, 0.0004056 secs], 0.0009617 secs]
 [Times: user=0.00 sys=0.00, real=0.00 secs] 
2021-01-21T20:57:26.915+0800: 0.430: [GC cleanup 426M->419M(1024M), 0.0003999 secs]
 [Times: user=0.00 sys=0.00, real=0.00 secs] 
2021-01-21T20:57:26.916+0800: 0.430: [GC concurrent-cleanup-start]
2021-01-21T20:57:26.916+0800: 0.430: [GC concurrent-cleanup-end, 0.0000161 secs]
2021-01-21T20:57:27.009+0800: 0.524: [GC pause (G1 Evacuation Pause) (young) (to-space exhausted), 0.0071800 secs]
   [Parallel Time: 4.9 ms, GC Workers: 8]
      [GC Worker Start (ms): Min: 524.0, Avg: 524.1, Max: 524.1, Diff: 0.1]
      [Ext Root Scanning (ms): Min: 0.0, Avg: 0.1, Max: 0.2, Diff: 0.1, Sum: 0.7]
      [Update RS (ms): Min: 0.2, Avg: 0.2, Max: 0.5, Diff: 0.4, Sum: 1.8]
         [Processed Buffers: Min: 0, Avg: 2.9, Max: 4, Diff: 4, Sum: 23]
      [Scan RS (ms): Min: 0.0, Avg: 0.0, Max: 0.1, Diff: 0.0, Sum: 0.3]
      [Code Root Scanning (ms): Min: 0.0, Avg: 0.0, Max: 0.0, Diff: 0.0, Sum: 0.0]
      [Object Copy (ms): Min: 4.0, Avg: 4.3, Max: 4.4, Diff: 0.5, Sum: 34.7]
      [Termination (ms): Min: 0.0, Avg: 0.0, Max: 0.1, Diff: 0.1, Sum: 0.3]
         [Termination Attempts: Min: 1, Avg: 1.1, Max: 2, Diff: 1, Sum: 9]
      [GC Worker Other (ms): Min: 0.0, Avg: 0.0, Max: 0.0, Diff: 0.0, Sum: 0.1]
      [GC Worker Total (ms): Min: 4.7, Avg: 4.7, Max: 4.8, Diff: 0.1, Sum: 37.9]
      [GC Worker End (ms): Min: 528.8, Avg: 528.8, Max: 528.8, Diff: 0.0]
   [Code Root Fixup: 0.0 ms]
   [Code Root Purge: 0.0 ms]
   [Clear CT: 0.7 ms]
   [Other: 1.7 ms]
      [Evacuation Failure: 0.8 ms]
      [Choose CSet: 0.0 ms]
      [Ref Proc: 0.1 ms]
      [Ref Enq: 0.0 ms]
      [Redirty Cards: 0.4 ms]
      [Humongous Register: 0.1 ms]
      [Humongous Reclaim: 0.1 ms]
      [Free CSet: 0.1 ms]
   [Eden: 365.0M(365.0M)->0.0B(25.0M) Survivors: 59.0M->26.0M Heap: 878.6M(1024.0M)->723.7M(1024.0M)]
 [Times: user=0.00 sys=0.00, real=0.01 secs] 
2021-01-21T20:57:27.020+0800: 0.534: [GC pause (G1 Evacuation Pause) (mixed), 0.0071671 secs]
   [Parallel Time: 5.8 ms, GC Workers: 8]
      [GC Worker Start (ms): Min: 534.5, Avg: 534.6, Max: 534.6, Diff: 0.1]
      [Ext Root Scanning (ms): Min: 0.1, Avg: 0.1, Max: 0.1, Diff: 0.1, Sum: 0.7]
      [Update RS (ms): Min: 0.2, Avg: 0.3, Max: 0.8, Diff: 0.6, Sum: 2.1]
         [Processed Buffers: Min: 0, Avg: 3.0, Max: 4, Diff: 4, Sum: 24]
      [Scan RS (ms): Min: 0.0, Avg: 0.0, Max: 0.1, Diff: 0.0, Sum: 0.3]
      [Code Root Scanning (ms): Min: 0.0, Avg: 0.0, Max: 0.0, Diff: 0.0, Sum: 0.0]
      [Object Copy (ms): Min: 4.7, Avg: 5.2, Max: 5.2, Diff: 0.5, Sum: 41.2]
      [Termination (ms): Min: 0.0, Avg: 0.1, Max: 0.1, Diff: 0.1, Sum: 0.6]
         [Termination Attempts: Min: 1, Avg: 1.3, Max: 2, Diff: 1, Sum: 10]
      [GC Worker Other (ms): Min: 0.0, Avg: 0.0, Max: 0.0, Diff: 0.0, Sum: 0.1]
      [GC Worker Total (ms): Min: 5.6, Avg: 5.6, Max: 5.7, Diff: 0.1, Sum: 45.0]
      [GC Worker End (ms): Min: 540.2, Avg: 540.2, Max: 540.2, Diff: 0.0]
   [Code Root Fixup: 0.0 ms]
   [Code Root Purge: 0.0 ms]
   [Clear CT: 0.3 ms]
   [Other: 1.0 ms]
      [Choose CSet: 0.0 ms]
      [Ref Proc: 0.2 ms]
      [Ref Enq: 0.0 ms]
      [Redirty Cards: 0.4 ms]
      [Humongous Register: 0.1 ms]
      [Humongous Reclaim: 0.0 ms]
      [Free CSet: 0.1 ms]
   [Eden: 25.0M(25.0M)->0.0B(170.0M) Survivors: 26.0M->6144.0K Heap: 753.4M(1024.0M)->648.9M(1024.0M)]
 [Times: user=0.00 sys=0.00, real=0.01 secs] 
2021-01-21T20:57:27.028+0800: 0.542: [GC pause (G1 Humongous Allocation) (young) (initial-mark), 0.0014966 secs]
   [Parallel Time: 0.9 ms, GC Workers: 8]
      [GC Worker Start (ms): Min: 542.1, Avg: 542.2, Max: 542.2, Diff: 0.1]
      [Ext Root Scanning (ms): Min: 0.1, Avg: 0.1, Max: 0.2, Diff: 0.1, Sum: 0.9]
      [Update RS (ms): Min: 0.1, Avg: 0.1, Max: 0.2, Diff: 0.1, Sum: 0.9]
         [Processed Buffers: Min: 1, Avg: 1.1, Max: 2, Diff: 1, Sum: 9]
      [Scan RS (ms): Min: 0.0, Avg: 0.0, Max: 0.0, Diff: 0.0, Sum: 0.0]
      [Code Root Scanning (ms): Min: 0.0, Avg: 0.0, Max: 0.0, Diff: 0.0, Sum: 0.0]
      [Object Copy (ms): Min: 0.4, Avg: 0.5, Max: 0.6, Diff: 0.2, Sum: 3.9]
      [Termination (ms): Min: 0.0, Avg: 0.1, Max: 0.1, Diff: 0.1, Sum: 0.5]
         [Termination Attempts: Min: 1, Avg: 1.0, Max: 1, Diff: 0, Sum: 8]
      [GC Worker Other (ms): Min: 0.0, Avg: 0.0, Max: 0.0, Diff: 0.0, Sum: 0.1]
      [GC Worker Total (ms): Min: 0.8, Avg: 0.8, Max: 0.8, Diff: 0.1, Sum: 6.3]
      [GC Worker End (ms): Min: 543.0, Avg: 543.0, Max: 543.0, Diff: 0.0]
   [Code Root Fixup: 0.0 ms]
   [Code Root Purge: 0.0 ms]
   [Clear CT: 0.1 ms]
   [Other: 0.5 ms]
      [Choose CSet: 0.0 ms]
      [Ref Proc: 0.1 ms]
      [Ref Enq: 0.0 ms]
      [Redirty Cards: 0.1 ms]
      [Humongous Register: 0.1 ms]
      [Humongous Reclaim: 0.0 ms]
      [Free CSet: 0.0 ms]
   [Eden: 2048.0K(170.0M)->0.0B(167.0M) Survivors: 6144.0K->6144.0K Heap: 650.8M(1024.0M)->648.7M(1024.0M)]
 [Times: user=0.00 sys=0.00, real=0.00 secs] 
2021-01-21T20:57:27.029+0800: 0.544: [GC concurrent-root-region-scan-start]
2021-01-21T20:57:27.030+0800: 0.544: [GC concurrent-root-region-scan-end, 0.0001744 secs]
2021-01-21T20:57:27.030+0800: 0.544: [GC concurrent-mark-start]
2021-01-21T20:57:27.031+0800: 0.546: [GC concurrent-mark-end, 0.0017101 secs]
2021-01-21T20:57:27.031+0800: 0.546: [GC remark 2021-01-21T20:57:27.032+0800: 0.546: [Finalize Marking, 0.0001704 secs] 2021-01-21T20:57:27.032+0800: 0.546: [GC ref-proc, 0.0000691 secs] 2021-01-21T20:57:27.032+0800: 0.546: [Unloading, 0.0004511 secs], 0.0012874 secs]
 [Times: user=0.13 sys=0.00, real=0.00 secs] 
2021-01-21T20:57:27.033+0800: 0.547: [GC cleanup 666M->655M(1024M), 0.0004460 secs]
 [Times: user=0.00 sys=0.00, real=0.00 secs] 
2021-01-21T20:57:27.033+0800: 0.548: [GC concurrent-cleanup-start]
2021-01-21T20:57:27.033+0800: 0.548: [GC concurrent-cleanup-end, 0.0000122 secs]
2021-01-21T20:57:27.059+0800: 0.573: [GC pause (G1 Evacuation Pause) (young), 0.0079567 secs]
   [Parallel Time: 6.7 ms, GC Workers: 8]
      [GC Worker Start (ms): Min: 573.1, Avg: 573.2, Max: 573.2, Diff: 0.1]
      [Ext Root Scanning (ms): Min: 0.1, Avg: 0.1, Max: 0.2, Diff: 0.1, Sum: 0.7]
      [Update RS (ms): Min: 0.2, Avg: 0.3, Max: 1.1, Diff: 0.9, Sum: 2.6]
         [Processed Buffers: Min: 0, Avg: 3.5, Max: 4, Diff: 4, Sum: 28]
      [Scan RS (ms): Min: 0.0, Avg: 0.0, Max: 0.0, Diff: 0.0, Sum: 0.1]
      [Code Root Scanning (ms): Min: 0.0, Avg: 0.0, Max: 0.0, Diff: 0.0, Sum: 0.0]
      [Object Copy (ms): Min: 5.1, Avg: 5.9, Max: 6.1, Diff: 1.0, Sum: 46.8]
      [Termination (ms): Min: 0.0, Avg: 0.1, Max: 0.1, Diff: 0.1, Sum: 0.8]
         [Termination Attempts: Min: 1, Avg: 1.0, Max: 1, Diff: 0, Sum: 8]
      [GC Worker Other (ms): Min: 0.0, Avg: 0.0, Max: 0.0, Diff: 0.0, Sum: 0.2]
      [GC Worker Total (ms): Min: 6.4, Avg: 6.4, Max: 6.5, Diff: 0.1, Sum: 51.2]
      [GC Worker End (ms): Min: 579.6, Avg: 579.6, Max: 579.6, Diff: 0.0]
   [Code Root Fixup: 0.0 ms]
   [Code Root Purge: 0.0 ms]
   [Clear CT: 0.3 ms]
   [Other: 1.0 ms]
      [Choose CSet: 0.0 ms]
      [Ref Proc: 0.1 ms]
      [Ref Enq: 0.0 ms]
      [Redirty Cards: 0.5 ms]
      [Humongous Register: 0.1 ms]
      [Humongous Reclaim: 0.1 ms]
      [Free CSet: 0.1 ms]
   [Eden: 167.0M(167.0M)->0.0B(29.0M) Survivors: 6144.0K->22.0M Heap: 862.4M(1024.0M)->696.8M(1024.0M)]
 [Times: user=0.08 sys=0.05, real=0.01 secs] 
2021-01-21T20:57:27.071+0800: 0.586: [GC pause (G1 Evacuation Pause) (mixed), 0.0059664 secs]
   [Parallel Time: 4.5 ms, GC Workers: 8]
      [GC Worker Start (ms): Min: 585.7, Avg: 585.8, Max: 585.8, Diff: 0.0]
      [Ext Root Scanning (ms): Min: 0.1, Avg: 0.1, Max: 0.1, Diff: 0.0, Sum: 0.9]
      [Update RS (ms): Min: 0.2, Avg: 0.3, Max: 1.4, Diff: 1.2, Sum: 2.6]
         [Processed Buffers: Min: 0, Avg: 2.6, Max: 4, Diff: 4, Sum: 21]
      [Scan RS (ms): Min: 0.0, Avg: 0.0, Max: 0.1, Diff: 0.1, Sum: 0.3]
      [Code Root Scanning (ms): Min: 0.0, Avg: 0.0, Max: 0.0, Diff: 0.0, Sum: 0.0]
      [Object Copy (ms): Min: 2.7, Avg: 3.8, Max: 4.0, Diff: 1.3, Sum: 30.4]
      [Termination (ms): Min: 0.0, Avg: 0.1, Max: 0.1, Diff: 0.1, Sum: 0.4]
         [Termination Attempts: Min: 1, Avg: 1.3, Max: 3, Diff: 2, Sum: 10]
      [GC Worker Other (ms): Min: 0.0, Avg: 0.0, Max: 0.0, Diff: 0.0, Sum: 0.1]
      [GC Worker Total (ms): Min: 4.3, Avg: 4.3, Max: 4.4, Diff: 0.1, Sum: 34.8]
      [GC Worker End (ms): Min: 590.1, Avg: 590.1, Max: 590.1, Diff: 0.0]
   [Code Root Fixup: 0.0 ms]
   [Code Root Purge: 0.0 ms]
   [Clear CT: 0.2 ms]
   [Other: 1.3 ms]
      [Choose CSet: 0.0 ms]
      [Ref Proc: 0.1 ms]
      [Ref Enq: 0.0 ms]
      [Redirty Cards: 0.9 ms]
      [Humongous Register: 0.1 ms]
      [Humongous Reclaim: 0.0 ms]
      [Free CSet: 0.1 ms]
   [Eden: 29.0M(29.0M)->0.0B(44.0M) Survivors: 22.0M->7168.0K Heap: 732.4M(1024.0M)->603.9M(1024.0M)]
 [Times: user=0.00 sys=0.00, real=0.01 secs] 
2021-01-21T20:57:27.084+0800: 0.598: [GC pause (G1 Evacuation Pause) (mixed), 0.0066919 secs]
   [Parallel Time: 5.4 ms, GC Workers: 8]
      [GC Worker Start (ms): Min: 598.0, Avg: 598.1, Max: 598.1, Diff: 0.2]
      [Ext Root Scanning (ms): Min: 0.0, Avg: 0.1, Max: 0.2, Diff: 0.2, Sum: 0.6]
      [Update RS (ms): Min: 0.3, Avg: 0.3, Max: 0.4, Diff: 0.1, Sum: 2.5]
         [Processed Buffers: Min: 0, Avg: 4.5, Max: 6, Diff: 6, Sum: 36]
      [Scan RS (ms): Min: 0.0, Avg: 0.0, Max: 0.0, Diff: 0.0, Sum: 0.2]
      [Code Root Scanning (ms): Min: 0.0, Avg: 0.0, Max: 0.0, Diff: 0.0, Sum: 0.0]
      [Object Copy (ms): Min: 4.5, Avg: 4.5, Max: 4.5, Diff: 0.1, Sum: 35.9]
      [Termination (ms): Min: 0.0, Avg: 0.0, Max: 0.1, Diff: 0.1, Sum: 0.2]
         [Termination Attempts: Min: 1, Avg: 1.0, Max: 1, Diff: 0, Sum: 8]
      [GC Worker Other (ms): Min: 0.0, Avg: 0.0, Max: 0.0, Diff: 0.0, Sum: 0.1]
      [GC Worker Total (ms): Min: 4.9, Avg: 5.0, Max: 5.0, Diff: 0.2, Sum: 39.6]
      [GC Worker End (ms): Min: 603.0, Avg: 603.0, Max: 603.0, Diff: 0.0]
   [Code Root Fixup: 0.0 ms]
   [Code Root Purge: 0.0 ms]
   [Clear CT: 0.4 ms]
   [Other: 0.9 ms]
      [Choose CSet: 0.0 ms]
      [Ref Proc: 0.2 ms]
      [Ref Enq: 0.0 ms]
      [Redirty Cards: 0.4 ms]
      [Humongous Register: 0.1 ms]
      [Humongous Reclaim: 0.0 ms]
      [Free CSet: 0.1 ms]
   [Eden: 44.0M(44.0M)->0.0B(44.0M) Survivors: 7168.0K->7168.0K Heap: 656.2M(1024.0M)->532.8M(1024.0M)]
 [Times: user=0.00 sys=0.00, real=0.01 secs] 
2021-01-21T20:57:27.098+0800: 0.612: [GC pause (G1 Evacuation Pause) (mixed), 0.0073507 secs]
   [Parallel Time: 5.8 ms, GC Workers: 8]
      [GC Worker Start (ms): Min: 611.7, Avg: 611.8, Max: 611.8, Diff: 0.1]
      [Ext Root Scanning (ms): Min: 0.1, Avg: 0.1, Max: 0.1, Diff: 0.1, Sum: 0.9]
      [Update RS (ms): Min: 0.3, Avg: 0.3, Max: 0.3, Diff: 0.1, Sum: 2.3]
         [Processed Buffers: Min: 0, Avg: 4.1, Max: 5, Diff: 5, Sum: 33]
      [Scan RS (ms): Min: 0.0, Avg: 0.0, Max: 0.1, Diff: 0.0, Sum: 0.3]
      [Code Root Scanning (ms): Min: 0.0, Avg: 0.0, Max: 0.0, Diff: 0.0, Sum: 0.0]
      [Object Copy (ms): Min: 5.2, Avg: 5.2, Max: 5.3, Diff: 0.1, Sum: 41.9]
      [Termination (ms): Min: 0.0, Avg: 0.0, Max: 0.1, Diff: 0.1, Sum: 0.3]
         [Termination Attempts: Min: 1, Avg: 1.0, Max: 1, Diff: 0, Sum: 8]
      [GC Worker Other (ms): Min: 0.0, Avg: 0.0, Max: 0.0, Diff: 0.0, Sum: 0.1]
      [GC Worker Total (ms): Min: 5.7, Avg: 5.7, Max: 5.8, Diff: 0.1, Sum: 45.8]
      [GC Worker End (ms): Min: 617.5, Avg: 617.5, Max: 617.5, Diff: 0.0]
   [Code Root Fixup: 0.0 ms]
   [Code Root Purge: 0.0 ms]
   [Clear CT: 0.7 ms]
   [Other: 0.9 ms]
      [Choose CSet: 0.0 ms]
      [Ref Proc: 0.1 ms]
      [Ref Enq: 0.0 ms]
      [Redirty Cards: 0.4 ms]
      [Humongous Register: 0.1 ms]
      [Humongous Reclaim: 0.0 ms]
      [Free CSet: 0.1 ms]
   [Eden: 44.0M(44.0M)->0.0B(44.0M) Survivors: 7168.0K->7168.0K Heap: 585.4M(1024.0M)->471.2M(1024.0M)]
 [Times: user=0.00 sys=0.00, real=0.01 secs] 
2021-01-21T20:57:27.111+0800: 0.625: [GC pause (G1 Evacuation Pause) (mixed), 0.0060542 secs]
   [Parallel Time: 5.1 ms, GC Workers: 8]
      [GC Worker Start (ms): Min: 625.5, Avg: 625.6, Max: 625.6, Diff: 0.1]
      [Ext Root Scanning (ms): Min: 0.1, Avg: 0.1, Max: 0.2, Diff: 0.1, Sum: 0.8]
      [Update RS (ms): Min: 0.2, Avg: 0.3, Max: 0.6, Diff: 0.4, Sum: 2.3]
         [Processed Buffers: Min: 0, Avg: 3.3, Max: 4, Diff: 4, Sum: 26]
      [Scan RS (ms): Min: 0.0, Avg: 0.0, Max: 0.0, Diff: 0.0, Sum: 0.2]
      [Code Root Scanning (ms): Min: 0.0, Avg: 0.0, Max: 0.0, Diff: 0.0, Sum: 0.0]
      [Object Copy (ms): Min: 4.2, Avg: 4.5, Max: 4.6, Diff: 0.4, Sum: 35.9]
      [Termination (ms): Min: 0.0, Avg: 0.0, Max: 0.0, Diff: 0.0, Sum: 0.2]
         [Termination Attempts: Min: 1, Avg: 1.0, Max: 1, Diff: 0, Sum: 8]
      [GC Worker Other (ms): Min: 0.0, Avg: 0.0, Max: 0.0, Diff: 0.0, Sum: 0.1]
      [GC Worker Total (ms): Min: 4.9, Avg: 4.9, Max: 5.0, Diff: 0.1, Sum: 39.4]
      [GC Worker End (ms): Min: 630.5, Avg: 630.5, Max: 630.5, Diff: 0.0]
   [Code Root Fixup: 0.0 ms]
   [Code Root Purge: 0.0 ms]
   [Clear CT: 0.1 ms]
   [Other: 0.8 ms]
      [Choose CSet: 0.0 ms]
      [Ref Proc: 0.1 ms]
      [Ref Enq: 0.0 ms]
      [Redirty Cards: 0.4 ms]
      [Humongous Register: 0.1 ms]
      [Humongous Reclaim: 0.0 ms]
      [Free CSet: 0.1 ms]
   [Eden: 44.0M(44.0M)->0.0B(325.0M) Survivors: 7168.0K->7168.0K Heap: 527.4M(1024.0M)->455.8M(1024.0M)]
 [Times: user=0.00 sys=0.00, real=0.01 secs] 
2021-01-21T20:57:27.117+0800: 0.632: [GC pause (G1 Humongous Allocation) (young) (initial-mark), 0.0022374 secs]
   [Parallel Time: 0.9 ms, GC Workers: 8]
      [GC Worker Start (ms): Min: 631.9, Avg: 632.0, Max: 632.0, Diff: 0.1]
      [Ext Root Scanning (ms): Min: 0.1, Avg: 0.1, Max: 0.2, Diff: 0.1, Sum: 0.9]
      [Update RS (ms): Min: 0.0, Avg: 0.1, Max: 0.3, Diff: 0.3, Sum: 0.9]
         [Processed Buffers: Min: 1, Avg: 1.1, Max: 2, Diff: 1, Sum: 9]
      [Scan RS (ms): Min: 0.0, Avg: 0.0, Max: 0.0, Diff: 0.0, Sum: 0.0]
      [Code Root Scanning (ms): Min: 0.0, Avg: 0.0, Max: 0.0, Diff: 0.0, Sum: 0.0]
      [Object Copy (ms): Min: 0.2, Avg: 0.5, Max: 0.6, Diff: 0.4, Sum: 3.9]
      [Termination (ms): Min: 0.0, Avg: 0.1, Max: 0.2, Diff: 0.2, Sum: 0.7]
         [Termination Attempts: Min: 1, Avg: 1.0, Max: 1, Diff: 0, Sum: 8]
      [GC Worker Other (ms): Min: 0.0, Avg: 0.0, Max: 0.0, Diff: 0.0, Sum: 0.1]
      [GC Worker Total (ms): Min: 0.8, Avg: 0.8, Max: 0.9, Diff: 0.1, Sum: 6.5]
      [GC Worker End (ms): Min: 632.8, Avg: 632.8, Max: 632.8, Diff: 0.0]
   [Code Root Fixup: 0.0 ms]
   [Code Root Purge: 0.0 ms]
   [Clear CT: 0.7 ms]
   [Other: 0.6 ms]
      [Choose CSet: 0.0 ms]
      [Ref Proc: 0.1 ms]
      [Ref Enq: 0.0 ms]
      [Redirty Cards: 0.3 ms]
      [Humongous Register: 0.1 ms]
      [Humongous Reclaim: 0.0 ms]
      [Free CSet: 0.0 ms]
   [Eden: 2048.0K(325.0M)->0.0B(328.0M) Survivors: 7168.0K->7168.0K Heap: 456.8M(1024.0M)->455.5M(1024.0M)]
 [Times: user=0.00 sys=0.00, real=0.00 secs] 
2021-01-21T20:57:27.120+0800: 0.634: [GC concurrent-root-region-scan-start]
2021-01-21T20:57:27.120+0800: 0.634: [GC concurrent-root-region-scan-end, 0.0001237 secs]
2021-01-21T20:57:27.120+0800: 0.634: [GC concurrent-mark-start]
2021-01-21T20:57:27.121+0800: 0.636: [GC concurrent-mark-end, 0.0013904 secs]
2021-01-21T20:57:27.121+0800: 0.636: [GC remark 2021-01-21T20:57:27.122+0800: 0.636: [Finalize Marking, 0.0001760 secs] 2021-01-21T20:57:27.122+0800: 0.636: [GC ref-proc, 0.0000765 secs] 2021-01-21T20:57:27.122+0800: 0.636: [Unloading, 0.0004605 secs], 0.0013594 secs]
 [Times: user=0.00 sys=0.00, real=0.00 secs] 
2021-01-21T20:57:27.123+0800: 0.637: [GC cleanup 470M->462M(1024M), 0.0004713 secs]
 [Times: user=0.00 sys=0.00, real=0.00 secs] 
2021-01-21T20:57:27.123+0800: 0.638: [GC concurrent-cleanup-start]
2021-01-21T20:57:27.123+0800: 0.638: [GC concurrent-cleanup-end, 0.0000120 secs]
2021-01-21T20:57:27.170+0800: 0.684: [GC pause (G1 Evacuation Pause) (young) (to-space exhausted), 0.0087014 secs]
   [Parallel Time: 6.9 ms, GC Workers: 8]
      [GC Worker Start (ms): Min: 684.6, Avg: 684.6, Max: 684.7, Diff: 0.1]
      [Ext Root Scanning (ms): Min: 0.1, Avg: 0.1, Max: 0.1, Diff: 0.1, Sum: 0.7]
      [Update RS (ms): Min: 0.3, Avg: 0.3, Max: 0.6, Diff: 0.3, Sum: 2.7]
         [Processed Buffers: Min: 0, Avg: 4.8, Max: 6, Diff: 6, Sum: 38]
      [Scan RS (ms): Min: 0.0, Avg: 0.0, Max: 0.0, Diff: 0.0, Sum: 0.2]
      [Code Root Scanning (ms): Min: 0.0, Avg: 0.0, Max: 0.0, Diff: 0.0, Sum: 0.0]
      [Object Copy (ms): Min: 5.6, Avg: 5.9, Max: 6.0, Diff: 0.4, Sum: 47.1]
      [Termination (ms): Min: 0.0, Avg: 0.0, Max: 0.1, Diff: 0.1, Sum: 0.3]
         [Termination Attempts: Min: 1, Avg: 1.8, Max: 3, Diff: 2, Sum: 14]
      [GC Worker Other (ms): Min: 0.0, Avg: 0.0, Max: 0.0, Diff: 0.0, Sum: 0.1]
      [GC Worker Total (ms): Min: 6.4, Avg: 6.4, Max: 6.4, Diff: 0.1, Sum: 51.2]
      [GC Worker End (ms): Min: 691.0, Avg: 691.0, Max: 691.0, Diff: 0.0]
   [Code Root Fixup: 0.0 ms]
   [Code Root Purge: 0.0 ms]
   [Clear CT: 0.4 ms]
   [Other: 1.4 ms]
      [Evacuation Failure: 0.4 ms]
      [Choose CSet: 0.0 ms]
      [Ref Proc: 0.2 ms]
      [Ref Enq: 0.0 ms]
      [Redirty Cards: 0.4 ms]
      [Humongous Register: 0.1 ms]
      [Humongous Reclaim: 0.1 ms]
      [Free CSet: 0.1 ms]
   [Eden: 328.0M(328.0M)->0.0B(9216.0K) Survivors: 7168.0K->42.0M Heap: 864.1M(1024.0M)->671.4M(1024.0M)]
 [Times: user=0.13 sys=0.00, real=0.01 secs] 
2021-01-21T20:57:27.181+0800: 0.695: [GC pause (G1 Evacuation Pause) (mixed), 0.0100943 secs]
   [Parallel Time: 8.4 ms, GC Workers: 8]
      [GC Worker Start (ms): Min: 695.1, Avg: 695.2, Max: 695.2, Diff: 0.1]
      [Ext Root Scanning (ms): Min: 0.1, Avg: 0.1, Max: 0.1, Diff: 0.1, Sum: 0.8]
      [Update RS (ms): Min: 0.2, Avg: 0.2, Max: 0.3, Diff: 0.1, Sum: 1.7]
         [Processed Buffers: Min: 3, Avg: 3.1, Max: 4, Diff: 1, Sum: 25]
      [Scan RS (ms): Min: 0.0, Avg: 0.1, Max: 0.1, Diff: 0.1, Sum: 0.4]
      [Code Root Scanning (ms): Min: 0.0, Avg: 0.0, Max: 0.0, Diff: 0.0, Sum: 0.0]
      [Object Copy (ms): Min: 7.8, Avg: 7.8, Max: 7.9, Diff: 0.1, Sum: 62.8]
      [Termination (ms): Min: 0.0, Avg: 0.1, Max: 0.1, Diff: 0.1, Sum: 0.4]
         [Termination Attempts: Min: 1, Avg: 1.0, Max: 1, Diff: 0, Sum: 8]
      [GC Worker Other (ms): Min: 0.0, Avg: 0.0, Max: 0.0, Diff: 0.0, Sum: 0.1]
      [GC Worker Total (ms): Min: 8.2, Avg: 8.3, Max: 8.3, Diff: 0.1, Sum: 66.2]
      [GC Worker End (ms): Min: 703.5, Avg: 703.5, Max: 703.5, Diff: 0.0]
   [Code Root Fixup: 0.0 ms]
   [Code Root Purge: 0.0 ms]
   [Clear CT: 0.6 ms]
   [Other: 1.1 ms]
      [Choose CSet: 0.0 ms]
      [Ref Proc: 0.4 ms]
      [Ref Enq: 0.0 ms]
      [Redirty Cards: 0.4 ms]
      [Humongous Register: 0.1 ms]
      [Humongous Reclaim: 0.0 ms]
      [Free CSet: 0.1 ms]
   [Eden: 9216.0K(9216.0K)->0.0B(48.0M) Survivors: 42.0M->3072.0K Heap: 682.3M(1024.0M)->596.8M(1024.0M)]
 [Times: user=0.13 sys=0.00, real=0.01 secs] 
2021-01-21T20:57:27.198+0800: 0.713: [GC pause (G1 Evacuation Pause) (mixed), 0.0042130 secs]
   [Parallel Time: 2.8 ms, GC Workers: 8]
      [GC Worker Start (ms): Min: 713.0, Avg: 713.1, Max: 713.2, Diff: 0.1]
      [Ext Root Scanning (ms): Min: 0.0, Avg: 0.1, Max: 0.2, Diff: 0.1, Sum: 0.7]
      [Update RS (ms): Min: 0.3, Avg: 0.3, Max: 0.7, Diff: 0.4, Sum: 2.6]
         [Processed Buffers: Min: 0, Avg: 3.8, Max: 5, Diff: 5, Sum: 30]
      [Scan RS (ms): Min: 0.0, Avg: 0.0, Max: 0.0, Diff: 0.0, Sum: 0.1]
      [Code Root Scanning (ms): Min: 0.0, Avg: 0.0, Max: 0.0, Diff: 0.0, Sum: 0.0]
      [Object Copy (ms): Min: 1.7, Avg: 2.0, Max: 2.1, Diff: 0.4, Sum: 16.0]
      [Termination (ms): Min: 0.0, Avg: 0.0, Max: 0.1, Diff: 0.1, Sum: 0.2]
         [Termination Attempts: Min: 1, Avg: 1.5, Max: 3, Diff: 2, Sum: 12]
      [GC Worker Other (ms): Min: 0.0, Avg: 0.0, Max: 0.0, Diff: 0.0, Sum: 0.1]
      [GC Worker Total (ms): Min: 2.4, Avg: 2.5, Max: 2.5, Diff: 0.1, Sum: 19.7]
      [GC Worker End (ms): Min: 715.6, Avg: 715.6, Max: 715.6, Diff: 0.0]
   [Code Root Fixup: 0.0 ms]
   [Code Root Purge: 0.0 ms]
   [Clear CT: 0.5 ms]
   [Other: 0.9 ms]
      [Choose CSet: 0.0 ms]
      [Ref Proc: 0.3 ms]
      [Ref Enq: 0.0 ms]
      [Redirty Cards: 0.2 ms]
      [Humongous Register: 0.1 ms]
      [Humongous Reclaim: 0.1 ms]
      [Free CSet: 0.0 ms]
   [Eden: 48.0M(48.0M)->0.0B(204.0M) Survivors: 3072.0K->7168.0K Heap: 657.4M(1024.0M)->603.0M(1024.0M)]
 [Times: user=0.00 sys=0.00, real=0.01 secs] 
2021-01-21T20:57:27.203+0800: 0.718: [GC pause (G1 Humongous Allocation) (young) (initial-mark), 0.0015898 secs]
   [Parallel Time: 1.0 ms, GC Workers: 8]
      [GC Worker Start (ms): Min: 717.8, Avg: 717.8, Max: 717.8, Diff: 0.0]
      [Ext Root Scanning (ms): Min: 0.1, Avg: 0.1, Max: 0.1, Diff: 0.0, Sum: 1.0]
      [Update RS (ms): Min: 0.0, Avg: 0.1, Max: 0.2, Diff: 0.2, Sum: 0.9]
         [Processed Buffers: Min: 1, Avg: 1.1, Max: 2, Diff: 1, Sum: 9]
      [Scan RS (ms): Min: 0.0, Avg: 0.0, Max: 0.0, Diff: 0.0, Sum: 0.0]
      [Code Root Scanning (ms): Min: 0.0, Avg: 0.0, Max: 0.0, Diff: 0.0, Sum: 0.0]
      [Object Copy (ms): Min: 0.6, Avg: 0.7, Max: 0.8, Diff: 0.2, Sum: 5.4]
      [Termination (ms): Min: 0.0, Avg: 0.0, Max: 0.1, Diff: 0.1, Sum: 0.2]
         [Termination Attempts: Min: 1, Avg: 1.0, Max: 1, Diff: 0, Sum: 8]
      [GC Worker Other (ms): Min: 0.0, Avg: 0.0, Max: 0.0, Diff: 0.0, Sum: 0.1]
      [GC Worker Total (ms): Min: 0.9, Avg: 0.9, Max: 1.0, Diff: 0.0, Sum: 7.6]
      [GC Worker End (ms): Min: 718.8, Avg: 718.8, Max: 718.8, Diff: 0.0]
   [Code Root Fixup: 0.0 ms]
   [Code Root Purge: 0.0 ms]
   [Clear CT: 0.1 ms]
   [Other: 0.4 ms]
      [Choose CSet: 0.0 ms]
      [Ref Proc: 0.1 ms]
      [Ref Enq: 0.0 ms]
      [Redirty Cards: 0.1 ms]
      [Humongous Register: 0.1 ms]
      [Humongous Reclaim: 0.0 ms]
      [Free CSet: 0.0 ms]
   [Eden: 2048.0K(204.0M)->0.0B(207.0M) Survivors: 7168.0K->7168.0K Heap: 604.6M(1024.0M)->602.1M(1024.0M)]
 [Times: user=0.01 sys=0.00, real=0.00 secs] 
2021-01-21T20:57:27.205+0800: 0.719: [GC concurrent-root-region-scan-start]
2021-01-21T20:57:27.205+0800: 0.719: [GC concurrent-root-region-scan-end, 0.0001252 secs]
2021-01-21T20:57:27.205+0800: 0.719: [GC concurrent-mark-start]
2021-01-21T20:57:27.207+0800: 0.721: [GC concurrent-mark-end, 0.0015080 secs]
2021-01-21T20:57:27.207+0800: 0.721: [GC remark 2021-01-21T20:57:27.207+0800: 0.721: [Finalize Marking, 0.0000746 secs] 2021-01-21T20:57:27.207+0800: 0.721: [GC ref-proc, 0.0000771 secs] 2021-01-21T20:57:27.207+0800: 0.721: [Unloading, 0.0004113 secs], 0.0012456 secs]
 [Times: user=0.00 sys=0.00, real=0.00 secs] 
2021-01-21T20:57:27.208+0800: 0.722: [GC cleanup 614M->603M(1024M), 0.0004776 secs]
 [Times: user=0.00 sys=0.00, real=0.00 secs] 
2021-01-21T20:57:27.209+0800: 0.723: [GC concurrent-cleanup-start]
2021-01-21T20:57:27.209+0800: 0.723: [GC concurrent-cleanup-end, 0.0000126 secs]
2021-01-21T20:57:27.236+0800: 0.751: [GC pause (G1 Evacuation Pause) (young), 0.0091969 secs]
   [Parallel Time: 7.9 ms, GC Workers: 8]
      [GC Worker Start (ms): Min: 750.9, Avg: 751.0, Max: 751.0, Diff: 0.1]
      [Ext Root Scanning (ms): Min: 0.1, Avg: 0.1, Max: 0.2, Diff: 0.1, Sum: 0.7]
      [Update RS (ms): Min: 0.3, Avg: 0.3, Max: 0.8, Diff: 0.5, Sum: 2.8]
         [Processed Buffers: Min: 0, Avg: 4.6, Max: 6, Diff: 6, Sum: 37]
      [Scan RS (ms): Min: 0.0, Avg: 0.0, Max: 0.0, Diff: 0.0, Sum: 0.1]
      [Code Root Scanning (ms): Min: 0.0, Avg: 0.0, Max: 0.0, Diff: 0.0, Sum: 0.0]
      [Object Copy (ms): Min: 6.7, Avg: 7.2, Max: 7.3, Diff: 0.6, Sum: 57.4]
      [Termination (ms): Min: 0.0, Avg: 0.1, Max: 0.1, Diff: 0.1, Sum: 0.5]
         [Termination Attempts: Min: 1, Avg: 1.0, Max: 1, Diff: 0, Sum: 8]
      [GC Worker Other (ms): Min: 0.0, Avg: 0.0, Max: 0.0, Diff: 0.0, Sum: 0.2]
      [GC Worker Total (ms): Min: 7.7, Avg: 7.7, Max: 7.8, Diff: 0.1, Sum: 61.7]
      [GC Worker End (ms): Min: 758.7, Avg: 758.7, Max: 758.7, Diff: 0.0]
   [Code Root Fixup: 0.0 ms]
   [Code Root Purge: 0.0 ms]
   [Clear CT: 0.4 ms]
   [Other: 0.9 ms]
      [Choose CSet: 0.0 ms]
      [Ref Proc: 0.1 ms]
      [Ref Enq: 0.0 ms]
      [Redirty Cards: 0.4 ms]
      [Humongous Register: 0.1 ms]
      [Humongous Reclaim: 0.1 ms]
      [Free CSet: 0.1 ms]
   [Eden: 207.0M(207.0M)->0.0B(24.0M) Survivors: 7168.0K->27.0M Heap: 841.8M(1024.0M)->642.2M(1024.0M)]
 [Times: user=0.00 sys=0.00, real=0.01 secs] 
2021-01-21T20:57:27.249+0800: 0.764: [GC pause (G1 Evacuation Pause) (mixed), 0.0073690 secs]
   [Parallel Time: 5.8 ms, GC Workers: 8]
      [GC Worker Start (ms): Min: 763.8, Avg: 763.9, Max: 763.9, Diff: 0.1]
      [Ext Root Scanning (ms): Min: 0.1, Avg: 0.1, Max: 0.2, Diff: 0.1, Sum: 0.8]
      [Update RS (ms): Min: 0.4, Avg: 0.4, Max: 0.4, Diff: 0.0, Sum: 3.1]
         [Processed Buffers: Min: 0, Avg: 5.5, Max: 7, Diff: 7, Sum: 44]
      [Scan RS (ms): Min: 0.0, Avg: 0.0, Max: 0.1, Diff: 0.0, Sum: 0.2]
      [Code Root Scanning (ms): Min: 0.0, Avg: 0.0, Max: 0.0, Diff: 0.0, Sum: 0.0]
      [Object Copy (ms): Min: 4.9, Avg: 4.9, Max: 5.0, Diff: 0.1, Sum: 39.5]
      [Termination (ms): Min: 0.0, Avg: 0.0, Max: 0.1, Diff: 0.1, Sum: 0.3]
         [Termination Attempts: Min: 1, Avg: 1.6, Max: 4, Diff: 3, Sum: 13]
      [GC Worker Other (ms): Min: 0.0, Avg: 0.0, Max: 0.1, Diff: 0.1, Sum: 0.2]
      [GC Worker Total (ms): Min: 5.5, Avg: 5.5, Max: 5.6, Diff: 0.1, Sum: 44.1]
      [GC Worker End (ms): Min: 769.4, Avg: 769.4, Max: 769.5, Diff: 0.1]
   [Code Root Fixup: 0.0 ms]
   [Code Root Purge: 0.0 ms]
   [Clear CT: 0.6 ms]
   [Other: 0.9 ms]
      [Choose CSet: 0.0 ms]
      [Ref Proc: 0.2 ms]
      [Ref Enq: 0.0 ms]
      [Redirty Cards: 0.4 ms]
      [Humongous Register: 0.1 ms]
      [Humongous Reclaim: 0.0 ms]
      [Free CSet: 0.1 ms]
   [Eden: 24.0M(24.0M)->0.0B(44.0M) Survivors: 27.0M->7168.0K Heap: 671.6M(1024.0M)->556.4M(1024.0M)]
 [Times: user=0.11 sys=0.02, real=0.01 secs] 
2021-01-21T20:57:27.263+0800: 0.777: [GC pause (G1 Evacuation Pause) (mixed), 0.0078252 secs]
   [Parallel Time: 5.9 ms, GC Workers: 8]
      [GC Worker Start (ms): Min: 777.7, Avg: 777.7, Max: 777.8, Diff: 0.1]
      [Ext Root Scanning (ms): Min: 0.1, Avg: 0.1, Max: 0.2, Diff: 0.1, Sum: 0.8]
      [Update RS (ms): Min: 0.4, Avg: 0.4, Max: 0.5, Diff: 0.0, Sum: 3.5]
         [Processed Buffers: Min: 2, Avg: 5.9, Max: 7, Diff: 5, Sum: 47]
      [Scan RS (ms): Min: 0.0, Avg: 0.0, Max: 0.0, Diff: 0.0, Sum: 0.2]
      [Code Root Scanning (ms): Min: 0.0, Avg: 0.0, Max: 0.0, Diff: 0.0, Sum: 0.0]
      [Object Copy (ms): Min: 4.8, Avg: 4.9, Max: 4.9, Diff: 0.0, Sum: 38.8]
      [Termination (ms): Min: 0.0, Avg: 0.0, Max: 0.0, Diff: 0.0, Sum: 0.3]
         [Termination Attempts: Min: 1, Avg: 1.0, Max: 1, Diff: 0, Sum: 8]
      [GC Worker Other (ms): Min: 0.0, Avg: 0.0, Max: 0.0, Diff: 0.0, Sum: 0.1]
      [GC Worker Total (ms): Min: 5.4, Avg: 5.5, Max: 5.5, Diff: 0.1, Sum: 43.8]
      [GC Worker End (ms): Min: 783.2, Avg: 783.2, Max: 783.2, Diff: 0.0]
   [Code Root Fixup: 0.0 ms]
   [Code Root Purge: 0.0 ms]
   [Clear CT: 0.7 ms]
   [Other: 1.3 ms]
      [Choose CSet: 0.0 ms]
      [Ref Proc: 0.5 ms]
      [Ref Enq: 0.0 ms]
      [Redirty Cards: 0.4 ms]
      [Humongous Register: 0.1 ms]
      [Humongous Reclaim: 0.0 ms]
      [Free CSet: 0.1 ms]
   [Eden: 44.0M(44.0M)->0.0B(44.0M) Survivors: 7168.0K->7168.0K Heap: 610.7M(1024.0M)->493.2M(1024.0M)]
 [Times: user=0.11 sys=0.02, real=0.01 secs] 
2021-01-21T20:57:27.279+0800: 0.793: [GC pause (G1 Evacuation Pause) (mixed), 0.0066995 secs]
   [Parallel Time: 5.9 ms, GC Workers: 8]
      [GC Worker Start (ms): Min: 793.1, Avg: 793.2, Max: 793.2, Diff: 0.1]
      [Ext Root Scanning (ms): Min: 0.1, Avg: 0.1, Max: 0.2, Diff: 0.1, Sum: 0.8]
      [Update RS (ms): Min: 0.4, Avg: 0.5, Max: 0.5, Diff: 0.0, Sum: 3.7]
         [Processed Buffers: Min: 2, Avg: 6.5, Max: 8, Diff: 6, Sum: 52]
      [Scan RS (ms): Min: 0.0, Avg: 0.0, Max: 0.1, Diff: 0.0, Sum: 0.2]
      [Code Root Scanning (ms): Min: 0.0, Avg: 0.0, Max: 0.0, Diff: 0.0, Sum: 0.0]
      [Object Copy (ms): Min: 5.1, Avg: 5.1, Max: 5.2, Diff: 0.1, Sum: 40.8]
      [Termination (ms): Min: 0.0, Avg: 0.1, Max: 0.1, Diff: 0.1, Sum: 0.6]
         [Termination Attempts: Min: 1, Avg: 1.0, Max: 1, Diff: 0, Sum: 8]
      [GC Worker Other (ms): Min: 0.0, Avg: 0.0, Max: 0.0, Diff: 0.0, Sum: 0.1]
      [GC Worker Total (ms): Min: 5.7, Avg: 5.8, Max: 5.9, Diff: 0.1, Sum: 46.3]
      [GC Worker End (ms): Min: 798.9, Avg: 798.9, Max: 798.9, Diff: 0.0]
   [Code Root Fixup: 0.0 ms]
   [Code Root Purge: 0.0 ms]
   [Clear CT: 0.2 ms]
   [Other: 0.6 ms]
      [Choose CSet: 0.0 ms]
      [Ref Proc: 0.1 ms]
      [Ref Enq: 0.0 ms]
      [Redirty Cards: 0.1 ms]
      [Humongous Register: 0.1 ms]
      [Humongous Reclaim: 0.1 ms]
      [Free CSet: 0.1 ms]
   [Eden: 44.0M(44.0M)->0.0B(321.0M) Survivors: 7168.0K->7168.0K Heap: 552.9M(1024.0M)->468.1M(1024.0M)]
 [Times: user=0.11 sys=0.00, real=0.01 secs] 
2021-01-21T20:57:27.286+0800: 0.801: [GC pause (G1 Humongous Allocation) (young) (initial-mark), 0.0027381 secs]
   [Parallel Time: 1.1 ms, GC Workers: 8]
      [GC Worker Start (ms): Min: 800.9, Avg: 800.9, Max: 801.0, Diff: 0.1]
      [Ext Root Scanning (ms): Min: 0.1, Avg: 0.1, Max: 0.2, Diff: 0.1, Sum: 0.9]
      [Update RS (ms): Min: 0.1, Avg: 0.1, Max: 0.2, Diff: 0.1, Sum: 0.8]
         [Processed Buffers: Min: 1, Avg: 1.1, Max: 2, Diff: 1, Sum: 9]
      [Scan RS (ms): Min: 0.0, Avg: 0.0, Max: 0.0, Diff: 0.0, Sum: 0.0]
      [Code Root Scanning (ms): Min: 0.0, Avg: 0.0, Max: 0.0, Diff: 0.0, Sum: 0.0]
      [Object Copy (ms): Min: 0.7, Avg: 0.8, Max: 0.8, Diff: 0.1, Sum: 6.0]
      [Termination (ms): Min: 0.0, Avg: 0.0, Max: 0.1, Diff: 0.1, Sum: 0.2]
         [Termination Attempts: Min: 1, Avg: 1.0, Max: 1, Diff: 0, Sum: 8]
      [GC Worker Other (ms): Min: 0.0, Avg: 0.0, Max: 0.0, Diff: 0.0, Sum: 0.1]
      [GC Worker Total (ms): Min: 1.0, Avg: 1.0, Max: 1.1, Diff: 0.1, Sum: 8.0]
      [GC Worker End (ms): Min: 801.9, Avg: 801.9, Max: 801.9, Diff: 0.0]
   [Code Root Fixup: 0.0 ms]
   [Code Root Purge: 0.0 ms]
   [Clear CT: 0.5 ms]
   [Other: 1.1 ms]
      [Choose CSet: 0.0 ms]
      [Ref Proc: 0.2 ms]
      [Ref Enq: 0.0 ms]
      [Redirty Cards: 0.5 ms]
      [Humongous Register: 0.1 ms]
      [Humongous Reclaim: 0.0 ms]
      [Free CSet: 0.0 ms]
   [Eden: 4096.0K(321.0M)->0.0B(322.0M) Survivors: 7168.0K->9216.0K Heap: 472.1M(1024.0M)->468.6M(1024.0M)]
 [Times: user=0.00 sys=0.00, real=0.00 secs] 
2021-01-21T20:57:27.290+0800: 0.804: [GC concurrent-root-region-scan-start]
2021-01-21T20:57:27.290+0800: 0.804: [GC concurrent-root-region-scan-end, 0.0001222 secs]
2021-01-21T20:57:27.290+0800: 0.804: [GC concurrent-mark-start]
2021-01-21T20:57:27.291+0800: 0.805: [GC concurrent-mark-end, 0.0014433 secs]
2021-01-21T20:57:27.292+0800: 0.805: [GC remark 2021-01-21T20:57:27.292+0800: 0.805: [Finalize Marking, 0.0003122 secs] 2021-01-21T20:57:27.292+0800: 0.806: [GC ref-proc, 0.0000947 secs] 2021-01-21T20:57:27.292+0800: 0.806: [Unloading, 0.0005470 secs], 0.0016961 secs]
 [Times: user=0.00 sys=0.00, real=0.00 secs] 
2021-01-21T20:57:27.293+0800: 0.807: [GC cleanup 484M->481M(1024M), 0.0004791 secs]
 [Times: user=0.00 sys=0.00, real=0.00 secs] 
2021-01-21T20:57:27.293+0800: 0.808: [GC concurrent-cleanup-start]
2021-01-21T20:57:27.293+0800: 0.808: [GC concurrent-cleanup-end, 0.0000101 secs]
2021-01-21T20:57:27.336+0800: 0.850: [GC pause (G1 Evacuation Pause) (young) (to-space exhausted), 0.0090443 secs]
   [Parallel Time: 7.0 ms, GC Workers: 8]
      [GC Worker Start (ms): Min: 850.2, Avg: 850.3, Max: 850.3, Diff: 0.1]
      [Ext Root Scanning (ms): Min: 0.0, Avg: 0.1, Max: 0.2, Diff: 0.1, Sum: 0.7]
      [Update RS (ms): Min: 0.4, Avg: 0.4, Max: 0.5, Diff: 0.1, Sum: 3.5]
         [Processed Buffers: Min: 1, Avg: 7.0, Max: 9, Diff: 8, Sum: 56]
      [Scan RS (ms): Min: 0.0, Avg: 0.0, Max: 0.0, Diff: 0.0, Sum: 0.2]
      [Code Root Scanning (ms): Min: 0.0, Avg: 0.0, Max: 0.0, Diff: 0.0, Sum: 0.0]
      [Object Copy (ms): Min: 6.1, Avg: 6.1, Max: 6.2, Diff: 0.1, Sum: 49.0]
      [Termination (ms): Min: 0.0, Avg: 0.0, Max: 0.1, Diff: 0.1, Sum: 0.2]
         [Termination Attempts: Min: 1, Avg: 1.0, Max: 1, Diff: 0, Sum: 8]
      [GC Worker Other (ms): Min: 0.0, Avg: 0.0, Max: 0.0, Diff: 0.0, Sum: 0.1]
      [GC Worker Total (ms): Min: 6.7, Avg: 6.7, Max: 6.8, Diff: 0.1, Sum: 53.7]
      [GC Worker End (ms): Min: 857.0, Avg: 857.0, Max: 857.0, Diff: 0.0]
   [Code Root Fixup: 0.0 ms]
   [Code Root Purge: 0.0 ms]
   [Clear CT: 0.5 ms]
   [Other: 1.6 ms]
      [Evacuation Failure: 0.6 ms]
      [Choose CSet: 0.0 ms]
      [Ref Proc: 0.3 ms]
      [Ref Enq: 0.0 ms]
      [Redirty Cards: 0.3 ms]
      [Humongous Register: 0.1 ms]
      [Humongous Reclaim: 0.1 ms]
      [Free CSet: 0.1 ms]
   [Eden: 322.0M(322.0M)->0.0B(9216.0K) Survivors: 9216.0K->42.0M Heap: 868.1M(1024.0M)->683.0M(1024.0M)]
 [Times: user=0.02 sys=0.00, real=0.01 secs] 
2021-01-21T20:57:27.346+0800: 0.860: [GC pause (G1 Evacuation Pause) (mixed), 0.0103038 secs]
   [Parallel Time: 8.7 ms, GC Workers: 8]
      [GC Worker Start (ms): Min: 860.7, Avg: 860.7, Max: 860.8, Diff: 0.1]
      [Ext Root Scanning (ms): Min: 0.1, Avg: 0.1, Max: 0.1, Diff: 0.1, Sum: 1.0]
      [Update RS (ms): Min: 0.3, Avg: 0.3, Max: 0.3, Diff: 0.1, Sum: 2.3]
         [Processed Buffers: Min: 2, Avg: 3.8, Max: 5, Diff: 3, Sum: 30]
      [Scan RS (ms): Min: 0.0, Avg: 0.0, Max: 0.1, Diff: 0.1, Sum: 0.4]
      [Code Root Scanning (ms): Min: 0.0, Avg: 0.0, Max: 0.0, Diff: 0.0, Sum: 0.0]
      [Object Copy (ms): Min: 8.0, Avg: 8.0, Max: 8.1, Diff: 0.1, Sum: 64.3]
      [Termination (ms): Min: 0.0, Avg: 0.1, Max: 0.1, Diff: 0.1, Sum: 0.6]
         [Termination Attempts: Min: 1, Avg: 1.3, Max: 3, Diff: 2, Sum: 10]
      [GC Worker Other (ms): Min: 0.0, Avg: 0.0, Max: 0.0, Diff: 0.0, Sum: 0.1]
      [GC Worker Total (ms): Min: 8.5, Avg: 8.6, Max: 8.6, Diff: 0.1, Sum: 68.6]
      [GC Worker End (ms): Min: 869.3, Avg: 869.3, Max: 869.3, Diff: 0.0]
   [Code Root Fixup: 0.0 ms]
   [Code Root Purge: 0.0 ms]
   [Clear CT: 0.7 ms]
   [Other: 1.0 ms]
      [Choose CSet: 0.0 ms]
      [Ref Proc: 0.1 ms]
      [Ref Enq: 0.0 ms]
      [Redirty Cards: 0.5 ms]
      [Humongous Register: 0.1 ms]
      [Humongous Reclaim: 0.0 ms]
      [Free CSet: 0.1 ms]
   [Eden: 9216.0K(9216.0K)->0.0B(47.0M) Survivors: 42.0M->4096.0K Heap: 694.3M(1024.0M)->610.4M(1024.0M)]
 [Times: user=0.00 sys=0.00, real=0.01 secs] 
2021-01-21T20:57:27.365+0800: 0.879: [GC pause (G1 Evacuation Pause) (mixed), 0.0044333 secs]
   [Parallel Time: 3.0 ms, GC Workers: 8]
      [GC Worker Start (ms): Min: 878.8, Avg: 878.9, Max: 878.9, Diff: 0.1]
      [Ext Root Scanning (ms): Min: 0.1, Avg: 0.1, Max: 0.2, Diff: 0.1, Sum: 0.8]
      [Update RS (ms): Min: 0.6, Avg: 0.6, Max: 0.6, Diff: 0.0, Sum: 4.5]
         [Processed Buffers: Min: 2, Avg: 7.6, Max: 9, Diff: 7, Sum: 61]
      [Scan RS (ms): Min: 0.0, Avg: 0.0, Max: 0.0, Diff: 0.0, Sum: 0.1]
      [Code Root Scanning (ms): Min: 0.0, Avg: 0.0, Max: 0.0, Diff: 0.0, Sum: 0.0]
      [Object Copy (ms): Min: 2.1, Avg: 2.2, Max: 2.2, Diff: 0.0, Sum: 17.2]
      [Termination (ms): Min: 0.0, Avg: 0.0, Max: 0.0, Diff: 0.0, Sum: 0.2]
         [Termination Attempts: Min: 1, Avg: 1.0, Max: 1, Diff: 0, Sum: 8]
      [GC Worker Other (ms): Min: 0.0, Avg: 0.0, Max: 0.0, Diff: 0.0, Sum: 0.1]
      [GC Worker Total (ms): Min: 2.8, Avg: 2.9, Max: 3.0, Diff: 0.1, Sum: 23.0]
      [GC Worker End (ms): Min: 881.8, Avg: 881.8, Max: 881.8, Diff: 0.0]
   [Code Root Fixup: 0.0 ms]
   [Code Root Purge: 0.0 ms]
   [Clear CT: 0.5 ms]
   [Other: 0.9 ms]
      [Choose CSet: 0.0 ms]
      [Ref Proc: 0.2 ms]
      [Ref Enq: 0.0 ms]
      [Redirty Cards: 0.3 ms]
      [Humongous Register: 0.1 ms]
      [Humongous Reclaim: 0.1 ms]
      [Free CSet: 0.0 ms]
   [Eden: 47.0M(47.0M)->0.0B(190.0M) Survivors: 4096.0K->7168.0K Heap: 668.5M(1024.0M)->622.4M(1024.0M)]
 [Times: user=0.00 sys=0.00, real=0.00 secs] 
2021-01-21T20:57:27.370+0800: 0.884: [GC pause (G1 Humongous Allocation) (young) (initial-mark), 0.0020972 secs]
   [Parallel Time: 1.2 ms, GC Workers: 8]
      [GC Worker Start (ms): Min: 884.0, Avg: 884.1, Max: 884.1, Diff: 0.1]
      [Ext Root Scanning (ms): Min: 0.1, Avg: 0.1, Max: 0.2, Diff: 0.1, Sum: 0.8]
      [Update RS (ms): Min: 0.0, Avg: 0.1, Max: 0.4, Diff: 0.4, Sum: 1.2]
         [Processed Buffers: Min: 1, Avg: 1.0, Max: 1, Diff: 0, Sum: 8]
      [Scan RS (ms): Min: 0.0, Avg: 0.0, Max: 0.0, Diff: 0.0, Sum: 0.0]
      [Code Root Scanning (ms): Min: 0.0, Avg: 0.0, Max: 0.0, Diff: 0.0, Sum: 0.0]
      [Object Copy (ms): Min: 0.4, Avg: 0.7, Max: 0.8, Diff: 0.4, Sum: 5.2]
      [Termination (ms): Min: 0.0, Avg: 0.0, Max: 0.1, Diff: 0.1, Sum: 0.4]
         [Termination Attempts: Min: 1, Avg: 1.0, Max: 1, Diff: 0, Sum: 8]
      [GC Worker Other (ms): Min: 0.0, Avg: 0.0, Max: 0.0, Diff: 0.0, Sum: 0.1]
      [GC Worker Total (ms): Min: 0.9, Avg: 0.9, Max: 1.0, Diff: 0.1, Sum: 7.6]
      [GC Worker End (ms): Min: 885.0, Avg: 885.0, Max: 885.0, Diff: 0.0]
   [Code Root Fixup: 0.0 ms]
   [Code Root Purge: 0.0 ms]
   [Clear CT: 0.2 ms]
   [Other: 0.6 ms]
      [Choose CSet: 0.0 ms]
      [Ref Proc: 0.3 ms]
      [Ref Enq: 0.0 ms]
      [Redirty Cards: 0.1 ms]
      [Humongous Register: 0.1 ms]
      [Humongous Reclaim: 0.0 ms]
      [Free CSet: 0.0 ms]
   [Eden: 5120.0K(190.0M)->0.0B(185.0M) Survivors: 7168.0K->8192.0K Heap: 627.2M(1024.0M)->623.3M(1024.0M)]
 [Times: user=0.00 sys=0.00, real=0.00 secs] 
2021-01-21T20:57:27.372+0800: 0.886: [GC concurrent-root-region-scan-start]
2021-01-21T20:57:27.372+0800: 0.886: [GC concurrent-root-region-scan-end, 0.0000931 secs]
2021-01-21T20:57:27.372+0800: 0.886: [GC concurrent-mark-start]
2021-01-21T20:57:27.374+0800: 0.888: [GC concurrent-mark-end, 0.0016369 secs]
2021-01-21T20:57:27.374+0800: 0.888: [GC remark 2021-01-21T20:57:27.374+0800: 0.888: [Finalize Marking, 0.0000973 secs] 2021-01-21T20:57:27.374+0800: 0.888: [GC ref-proc, 0.0000757 secs] 2021-01-21T20:57:27.374+0800: 0.888: [Unloading, 0.0003978 secs], 0.0012807 secs]
 [Times: user=0.00 sys=0.00, real=0.00 secs] 
2021-01-21T20:57:27.375+0800: 0.889: [GC cleanup 638M->628M(1024M), 0.0004823 secs]
 [Times: user=0.00 sys=0.00, real=0.00 secs] 
2021-01-21T20:57:27.376+0800: 0.890: [GC concurrent-cleanup-start]
2021-01-21T20:57:27.376+0800: 0.890: [GC concurrent-cleanup-end, 0.0000138 secs]
2021-01-21T20:57:27.400+0800: 0.914: [GC pause (G1 Evacuation Pause) (young), 0.0092464 secs]
   [Parallel Time: 8.0 ms, GC Workers: 8]
      [GC Worker Start (ms): Min: 914.2, Avg: 914.3, Max: 914.3, Diff: 0.1]
      [Ext Root Scanning (ms): Min: 0.1, Avg: 0.1, Max: 0.2, Diff: 0.1, Sum: 0.7]
      [Update RS (ms): Min: 0.6, Avg: 0.6, Max: 0.6, Diff: 0.0, Sum: 4.6]
         [Processed Buffers: Min: 3, Avg: 9.4, Max: 11, Diff: 8, Sum: 75]
      [Scan RS (ms): Min: 0.0, Avg: 0.0, Max: 0.0, Diff: 0.0, Sum: 0.1]
      [Code Root Scanning (ms): Min: 0.0, Avg: 0.0, Max: 0.0, Diff: 0.0, Sum: 0.0]
      [Object Copy (ms): Min: 6.7, Avg: 6.8, Max: 6.9, Diff: 0.2, Sum: 54.7]
      [Termination (ms): Min: 0.0, Avg: 0.0, Max: 0.2, Diff: 0.2, Sum: 0.4]
         [Termination Attempts: Min: 1, Avg: 1.8, Max: 3, Diff: 2, Sum: 14]
      [GC Worker Other (ms): Min: 0.0, Avg: 0.0, Max: 0.1, Diff: 0.1, Sum: 0.3]
      [GC Worker Total (ms): Min: 7.6, Avg: 7.6, Max: 7.7, Diff: 0.1, Sum: 60.9]
      [GC Worker End (ms): Min: 921.9, Avg: 921.9, Max: 922.0, Diff: 0.1]
   [Code Root Fixup: 0.0 ms]
   [Code Root Purge: 0.0 ms]
   [Clear CT: 0.4 ms]
   [Other: 0.9 ms]
      [Choose CSet: 0.0 ms]
      [Ref Proc: 0.3 ms]
      [Ref Enq: 0.0 ms]
      [Redirty Cards: 0.2 ms]
      [Humongous Register: 0.1 ms]
      [Humongous Reclaim: 0.1 ms]
      [Free CSet: 0.1 ms]
   [Eden: 185.0M(185.0M)->0.0B(26.0M) Survivors: 8192.0K->25.0M Heap: 831.2M(1024.0M)->664.8M(1024.0M)]
 [Times: user=0.13 sys=0.00, real=0.01 secs] 
2021-01-21T20:57:27.414+0800: 0.928: [GC pause (G1 Evacuation Pause) (mixed), 0.0069329 secs]
   [Parallel Time: 5.5 ms, GC Workers: 8]
      [GC Worker Start (ms): Min: 928.3, Avg: 928.3, Max: 928.4, Diff: 0.1]
      [Ext Root Scanning (ms): Min: 0.1, Avg: 0.1, Max: 0.2, Diff: 0.1, Sum: 0.9]
      [Update RS (ms): Min: 0.5, Avg: 0.5, Max: 0.6, Diff: 0.1, Sum: 4.2]
         [Processed Buffers: Min: 7, Avg: 7.6, Max: 8, Diff: 1, Sum: 61]
      [Scan RS (ms): Min: 0.0, Avg: 0.0, Max: 0.1, Diff: 0.0, Sum: 0.2]
      [Code Root Scanning (ms): Min: 0.0, Avg: 0.0, Max: 0.0, Diff: 0.0, Sum: 0.0]
      [Object Copy (ms): Min: 4.5, Avg: 4.5, Max: 4.5, Diff: 0.1, Sum: 35.9]
      [Termination (ms): Min: 0.0, Avg: 0.1, Max: 0.1, Diff: 0.1, Sum: 0.4]
         [Termination Attempts: Min: 1, Avg: 1.0, Max: 1, Diff: 0, Sum: 8]
      [GC Worker Other (ms): Min: 0.0, Avg: 0.0, Max: 0.1, Diff: 0.1, Sum: 0.2]
      [GC Worker Total (ms): Min: 5.2, Avg: 5.2, Max: 5.3, Diff: 0.1, Sum: 41.8]
      [GC Worker End (ms): Min: 933.5, Avg: 933.5, Max: 933.6, Diff: 0.1]
   [Code Root Fixup: 0.0 ms]
   [Code Root Purge: 0.0 ms]
   [Clear CT: 0.4 ms]
   [Other: 1.0 ms]
      [Choose CSet: 0.0 ms]
      [Ref Proc: 0.4 ms]
      [Ref Enq: 0.0 ms]
      [Redirty Cards: 0.3 ms]
      [Humongous Register: 0.1 ms]
      [Humongous Reclaim: 0.0 ms]
      [Free CSet: 0.1 ms]
   [Eden: 26.0M(26.0M)->0.0B(44.0M) Survivors: 25.0M->7168.0K Heap: 697.2M(1024.0M)->577.2M(1024.0M)]
 [Times: user=0.00 sys=0.00, real=0.01 secs] 
2021-01-21T20:57:27.428+0800: 0.942: [GC pause (G1 Evacuation Pause) (mixed), 0.0081527 secs]
   [Parallel Time: 6.4 ms, GC Workers: 8]
      [GC Worker Start (ms): Min: 942.5, Avg: 942.5, Max: 942.6, Diff: 0.1]
      [Ext Root Scanning (ms): Min: 0.1, Avg: 0.1, Max: 0.2, Diff: 0.1, Sum: 0.8]
      [Update RS (ms): Min: 0.6, Avg: 0.6, Max: 0.7, Diff: 0.0, Sum: 5.2]
         [Processed Buffers: Min: 8, Avg: 9.4, Max: 10, Diff: 2, Sum: 75]
      [Scan RS (ms): Min: 0.0, Avg: 0.0, Max: 0.1, Diff: 0.0, Sum: 0.3]
      [Code Root Scanning (ms): Min: 0.0, Avg: 0.0, Max: 0.0, Diff: 0.0, Sum: 0.0]
      [Object Copy (ms): Min: 5.3, Avg: 5.4, Max: 5.5, Diff: 0.1, Sum: 42.9]
      [Termination (ms): Min: 0.0, Avg: 0.1, Max: 0.1, Diff: 0.1, Sum: 0.8]
         [Termination Attempts: Min: 1, Avg: 1.0, Max: 1, Diff: 0, Sum: 8]
      [GC Worker Other (ms): Min: 0.0, Avg: 0.0, Max: 0.0, Diff: 0.0, Sum: 0.1]
      [GC Worker Total (ms): Min: 6.2, Avg: 6.3, Max: 6.3, Diff: 0.1, Sum: 50.1]
      [GC Worker End (ms): Min: 948.8, Avg: 948.8, Max: 948.8, Diff: 0.0]
   [Code Root Fixup: 0.0 ms]
   [Code Root Purge: 0.0 ms]
   [Clear CT: 0.5 ms]
   [Other: 1.3 ms]
      [Choose CSet: 0.0 ms]
      [Ref Proc: 0.5 ms]
      [Ref Enq: 0.0 ms]
      [Redirty Cards: 0.4 ms]
      [Humongous Register: 0.1 ms]
      [Humongous Reclaim: 0.0 ms]
      [Free CSet: 0.1 ms]
   [Eden: 44.0M(44.0M)->0.0B(44.0M) Survivors: 7168.0K->7168.0K Heap: 629.4M(1024.0M)->514.0M(1024.0M)]
 [Times: user=0.00 sys=0.00, real=0.01 secs] 
2021-01-21T20:57:27.443+0800: 0.958: [GC pause (G1 Evacuation Pause) (mixed), 0.0083396 secs]
   [Parallel Time: 6.7 ms, GC Workers: 8]
      [GC Worker Start (ms): Min: 957.8, Avg: 957.8, Max: 957.9, Diff: 0.1]
      [Ext Root Scanning (ms): Min: 0.1, Avg: 0.1, Max: 0.2, Diff: 0.1, Sum: 0.9]
      [Update RS (ms): Min: 0.6, Avg: 0.7, Max: 0.7, Diff: 0.1, Sum: 5.3]
         [Processed Buffers: Min: 4, Avg: 9.3, Max: 10, Diff: 6, Sum: 74]
      [Scan RS (ms): Min: 0.0, Avg: 0.0, Max: 0.1, Diff: 0.1, Sum: 0.3]
      [Code Root Scanning (ms): Min: 0.0, Avg: 0.0, Max: 0.0, Diff: 0.0, Sum: 0.0]
      [Object Copy (ms): Min: 5.7, Avg: 5.7, Max: 5.8, Diff: 0.1, Sum: 45.9]
      [Termination (ms): Min: 0.0, Avg: 0.1, Max: 0.1, Diff: 0.1, Sum: 0.5]
         [Termination Attempts: Min: 1, Avg: 1.0, Max: 1, Diff: 0, Sum: 8]
      [GC Worker Other (ms): Min: 0.0, Avg: 0.0, Max: 0.0, Diff: 0.0, Sum: 0.1]
      [GC Worker Total (ms): Min: 6.6, Avg: 6.6, Max: 6.7, Diff: 0.1, Sum: 53.1]
      [GC Worker End (ms): Min: 964.5, Avg: 964.5, Max: 964.5, Diff: 0.0]
   [Code Root Fixup: 0.0 ms]
   [Code Root Purge: 0.0 ms]
   [Clear CT: 0.5 ms]
   [Other: 1.1 ms]
      [Choose CSet: 0.0 ms]
      [Ref Proc: 0.1 ms]
      [Ref Enq: 0.0 ms]
      [Redirty Cards: 0.6 ms]
      [Humongous Register: 0.1 ms]
      [Humongous Reclaim: 0.0 ms]
      [Free CSet: 0.1 ms]
   [Eden: 44.0M(44.0M)->0.0B(298.0M) Survivors: 7168.0K->7168.0K Heap: 571.5M(1024.0M)->486.4M(1024.0M)]
 [Times: user=0.00 sys=0.00, real=0.01 secs] 
2021-01-21T20:57:27.452+0800: 0.966: [GC pause (G1 Humongous Allocation) (young) (initial-mark), 0.0018881 secs]
   [Parallel Time: 1.0 ms, GC Workers: 8]
      [GC Worker Start (ms): Min: 966.3, Avg: 966.4, Max: 966.4, Diff: 0.1]
      [Ext Root Scanning (ms): Min: 0.1, Avg: 0.1, Max: 0.2, Diff: 0.1, Sum: 1.0]
      [Update RS (ms): Min: 0.1, Avg: 0.1, Max: 0.2, Diff: 0.1, Sum: 1.0]
         [Processed Buffers: Min: 1, Avg: 1.1, Max: 2, Diff: 1, Sum: 9]
      [Scan RS (ms): Min: 0.0, Avg: 0.0, Max: 0.0, Diff: 0.0, Sum: 0.0]
      [Code Root Scanning (ms): Min: 0.0, Avg: 0.0, Max: 0.0, Diff: 0.0, Sum: 0.0]
      [Object Copy (ms): Min: 0.5, Avg: 0.6, Max: 0.6, Diff: 0.2, Sum: 4.5]
      [Termination (ms): Min: 0.0, Avg: 0.1, Max: 0.1, Diff: 0.1, Sum: 0.5]
         [Termination Attempts: Min: 1, Avg: 1.0, Max: 1, Diff: 0, Sum: 8]
      [GC Worker Other (ms): Min: 0.0, Avg: 0.0, Max: 0.0, Diff: 0.0, Sum: 0.1]
      [GC Worker Total (ms): Min: 0.8, Avg: 0.9, Max: 0.9, Diff: 0.1, Sum: 7.0]
      [GC Worker End (ms): Min: 967.3, Avg: 967.3, Max: 967.3, Diff: 0.0]
   [Code Root Fixup: 0.0 ms]
   [Code Root Purge: 0.0 ms]
   [Clear CT: 0.3 ms]
   [Other: 0.6 ms]
      [Choose CSet: 0.0 ms]
      [Ref Proc: 0.2 ms]
      [Ref Enq: 0.0 ms]
      [Redirty Cards: 0.2 ms]
      [Humongous Register: 0.1 ms]
      [Humongous Reclaim: 0.0 ms]
      [Free CSet: 0.0 ms]
   [Eden: 1024.0K(298.0M)->0.0B(300.0M) Survivors: 7168.0K->7168.0K Heap: 487.0M(1024.0M)->486.4M(1024.0M)]
 [Times: user=0.00 sys=0.02, real=0.00 secs] 
2021-01-21T20:57:27.454+0800: 0.968: [GC concurrent-root-region-scan-start]
2021-01-21T20:57:27.454+0800: 0.968: [GC concurrent-root-region-scan-end, 0.0001224 secs]
2021-01-21T20:57:27.454+0800: 0.968: [GC concurrent-mark-start]
2021-01-21T20:57:27.455+0800: 0.970: [GC concurrent-mark-end, 0.0015229 secs]
2021-01-21T20:57:27.455+0800: 0.970: [GC remark 2021-01-21T20:57:27.455+0800: 0.970: [Finalize Marking, 0.0000992 secs] 2021-01-21T20:57:27.455+0800: 0.970: [GC ref-proc, 0.0000827 secs] 2021-01-21T20:57:27.456+0800: 0.970: [Unloading, 0.0004217 secs], 0.0013686 secs]
 [Times: user=0.00 sys=0.00, real=0.00 secs] 
2021-01-21T20:57:27.457+0800: 0.971: [GC cleanup 500M->496M(1024M), 0.0004694 secs]
 [Times: user=0.00 sys=0.00, real=0.00 secs] 
2021-01-21T20:57:27.457+0800: 0.972: [GC concurrent-cleanup-start]
2021-01-21T20:57:27.457+0800: 0.972: [GC concurrent-cleanup-end, 0.0000094 secs]
2021-01-21T20:57:27.497+0800: 1.012: [GC pause (G1 Evacuation Pause) (young) (to-space exhausted), 0.0101180 secs]
   [Parallel Time: 8.5 ms, GC Workers: 8]
      [GC Worker Start (ms): Min: 1012.2, Avg: 1012.2, Max: 1012.3, Diff: 0.1]
      [Ext Root Scanning (ms): Min: 0.0, Avg: 0.1, Max: 0.2, Diff: 0.1, Sum: 0.7]
      [Update RS (ms): Min: 0.8, Avg: 0.8, Max: 0.8, Diff: 0.0, Sum: 6.1]
         [Processed Buffers: Min: 6, Avg: 12.4, Max: 14, Diff: 8, Sum: 99]
      [Scan RS (ms): Min: 0.0, Avg: 0.0, Max: 0.0, Diff: 0.0, Sum: 0.2]
      [Code Root Scanning (ms): Min: 0.0, Avg: 0.0, Max: 0.0, Diff: 0.0, Sum: 0.0]
      [Object Copy (ms): Min: 7.4, Avg: 7.5, Max: 7.5, Diff: 0.1, Sum: 59.7]
      [Termination (ms): Min: 0.0, Avg: 0.0, Max: 0.1, Diff: 0.1, Sum: 0.2]
         [Termination Attempts: Min: 1, Avg: 1.8, Max: 3, Diff: 2, Sum: 14]
      [GC Worker Other (ms): Min: 0.0, Avg: 0.0, Max: 0.0, Diff: 0.0, Sum: 0.2]
      [GC Worker Total (ms): Min: 8.3, Avg: 8.4, Max: 8.5, Diff: 0.1, Sum: 67.1]
      [GC Worker End (ms): Min: 1020.6, Avg: 1020.6, Max: 1020.6, Diff: 0.0]
   [Code Root Fixup: 0.0 ms]
   [Code Root Purge: 0.0 ms]
   [Clear CT: 0.2 ms]
   [Other: 1.4 ms]
      [Evacuation Failure: 0.2 ms]
      [Choose CSet: 0.0 ms]
      [Ref Proc: 0.2 ms]
      [Ref Enq: 0.0 ms]
      [Redirty Cards: 0.5 ms]
      [Humongous Register: 0.1 ms]
      [Humongous Reclaim: 0.1 ms]
      [Free CSet: 0.1 ms]
   [Eden: 300.0M(300.0M)->0.0B(12.0M) Survivors: 7168.0K->39.0M Heap: 858.7M(1024.0M)->639.1M(1024.0M)]
 [Times: user=0.11 sys=0.02, real=0.01 secs] 
2021-01-21T20:57:27.510+0800: 1.024: [GC pause (G1 Evacuation Pause) (mixed), 0.0104178 secs]
   [Parallel Time: 8.9 ms, GC Workers: 8]
      [GC Worker Start (ms): Min: 1024.5, Avg: 1024.6, Max: 1024.6, Diff: 0.1]
      [Ext Root Scanning (ms): Min: 0.1, Avg: 0.1, Max: 0.2, Diff: 0.1, Sum: 0.8]
      [Update RS (ms): Min: 0.2, Avg: 0.2, Max: 0.2, Diff: 0.1, Sum: 1.7]
         [Processed Buffers: Min: 2, Avg: 3.0, Max: 4, Diff: 2, Sum: 24]
      [Scan RS (ms): Min: 0.0, Avg: 0.0, Max: 0.1, Diff: 0.0, Sum: 0.4]
      [Code Root Scanning (ms): Min: 0.0, Avg: 0.0, Max: 0.0, Diff: 0.0, Sum: 0.0]
      [Object Copy (ms): Min: 8.1, Avg: 8.2, Max: 8.2, Diff: 0.2, Sum: 65.4]
      [Termination (ms): Min: 0.0, Avg: 0.1, Max: 0.2, Diff: 0.2, Sum: 0.6]
         [Termination Attempts: Min: 1, Avg: 1.0, Max: 1, Diff: 0, Sum: 8]
      [GC Worker Other (ms): Min: 0.0, Avg: 0.0, Max: 0.0, Diff: 0.0, Sum: 0.1]
      [GC Worker Total (ms): Min: 8.6, Avg: 8.6, Max: 8.7, Diff: 0.1, Sum: 69.0]
      [GC Worker End (ms): Min: 1033.2, Avg: 1033.2, Max: 1033.2, Diff: 0.0]
   [Code Root Fixup: 0.0 ms]
   [Code Root Purge: 0.0 ms]
   [Clear CT: 0.4 ms]
   [Other: 1.2 ms]
      [Choose CSet: 0.0 ms]
      [Ref Proc: 0.4 ms]
      [Ref Enq: 0.0 ms]
      [Redirty Cards: 0.4 ms]
      [Humongous Register: 0.1 ms]
      [Humongous Reclaim: 0.0 ms]
      [Free CSet: 0.1 ms]
   [Eden: 12.0M(12.0M)->0.0B(47.0M) Survivors: 39.0M->4096.0K Heap: 652.8M(1024.0M)->571.2M(1024.0M)]
 [Times: user=0.11 sys=0.00, real=0.01 secs] 
2021-01-21T20:57:27.529+0800: 1.043: [GC pause (G1 Evacuation Pause) (mixed), 0.0049391 secs]
   [Parallel Time: 3.6 ms, GC Workers: 8]
      [GC Worker Start (ms): Min: 1043.2, Avg: 1043.3, Max: 1043.4, Diff: 0.1]
      [Ext Root Scanning (ms): Min: 0.1, Avg: 0.1, Max: 0.2, Diff: 0.1, Sum: 0.8]
      [Update RS (ms): Min: 0.8, Avg: 0.8, Max: 0.9, Diff: 0.1, Sum: 6.8]
         [Processed Buffers: Min: 9, Avg: 11.3, Max: 12, Diff: 3, Sum: 90]
      [Scan RS (ms): Min: 0.0, Avg: 0.0, Max: 0.0, Diff: 0.0, Sum: 0.1]
      [Code Root Scanning (ms): Min: 0.0, Avg: 0.0, Max: 0.0, Diff: 0.0, Sum: 0.0]
      [Object Copy (ms): Min: 2.3, Avg: 2.3, Max: 2.4, Diff: 0.1, Sum: 18.6]
      [Termination (ms): Min: 0.0, Avg: 0.1, Max: 0.1, Diff: 0.1, Sum: 0.5]
         [Termination Attempts: Min: 1, Avg: 1.3, Max: 3, Diff: 2, Sum: 10]
      [GC Worker Other (ms): Min: 0.0, Avg: 0.0, Max: 0.0, Diff: 0.0, Sum: 0.1]
      [GC Worker Total (ms): Min: 3.3, Avg: 3.4, Max: 3.4, Diff: 0.1, Sum: 26.8]
      [GC Worker End (ms): Min: 1046.7, Avg: 1046.7, Max: 1046.7, Diff: 0.0]
   [Code Root Fixup: 0.0 ms]
   [Code Root Purge: 0.0 ms]
   [Clear CT: 0.4 ms]
   [Other: 1.0 ms]
      [Choose CSet: 0.0 ms]
      [Ref Proc: 0.4 ms]
      [Ref Enq: 0.0 ms]
      [Redirty Cards: 0.3 ms]
      [Humongous Register: 0.1 ms]
      [Humongous Reclaim: 0.0 ms]
      [Free CSet: 0.0 ms]
   [Eden: 47.0M(47.0M)->0.0B(226.0M) Survivors: 4096.0K->7168.0K Heap: 628.2M(1024.0M)->573.1M(1024.0M)]
 [Times: user=0.09 sys=0.01, real=0.00 secs] 
2021-01-21T20:57:27.535+0800: 1.049: [GC pause (G1 Humongous Allocation) (young) (initial-mark), 0.0022857 secs]
   [Parallel Time: 1.3 ms, GC Workers: 8]
      [GC Worker Start (ms): Min: 1049.5, Avg: 1049.6, Max: 1049.6, Diff: 0.1]
      [Ext Root Scanning (ms): Min: 0.1, Avg: 0.1, Max: 0.2, Diff: 0.1, Sum: 0.8]
      [Update RS (ms): Min: 0.1, Avg: 0.1, Max: 0.3, Diff: 0.3, Sum: 1.0]
         [Processed Buffers: Min: 1, Avg: 1.1, Max: 2, Diff: 1, Sum: 9]
      [Scan RS (ms): Min: 0.0, Avg: 0.0, Max: 0.0, Diff: 0.0, Sum: 0.0]
      [Code Root Scanning (ms): Min: 0.0, Avg: 0.0, Max: 0.0, Diff: 0.0, Sum: 0.0]
      [Object Copy (ms): Min: 0.7, Avg: 0.9, Max: 1.0, Diff: 0.4, Sum: 7.5]
      [Termination (ms): Min: 0.0, Avg: 0.1, Max: 0.1, Diff: 0.1, Sum: 0.5]
         [Termination Attempts: Min: 1, Avg: 1.0, Max: 1, Diff: 0, Sum: 8]
      [GC Worker Other (ms): Min: 0.0, Avg: 0.0, Max: 0.0, Diff: 0.0, Sum: 0.1]
      [GC Worker Total (ms): Min: 1.2, Avg: 1.2, Max: 1.3, Diff: 0.1, Sum: 9.9]
      [GC Worker End (ms): Min: 1050.8, Avg: 1050.8, Max: 1050.8, Diff: 0.0]
   [Code Root Fixup: 0.0 ms]
   [Code Root Purge: 0.0 ms]
   [Clear CT: 0.2 ms]
   [Other: 0.8 ms]
      [Choose CSet: 0.0 ms]
      [Ref Proc: 0.3 ms]
      [Ref Enq: 0.0 ms]
      [Redirty Cards: 0.2 ms]
      [Humongous Register: 0.1 ms]
      [Humongous Reclaim: 0.0 ms]
      [Free CSet: 0.0 ms]
   [Eden: 9216.0K(226.0M)->0.0B(234.0M) Survivors: 7168.0K->11.0M Heap: 582.0M(1024.0M)->574.6M(1024.0M)]
 [Times: user=0.00 sys=0.00, real=0.00 secs] 
2021-01-21T20:57:27.537+0800: 1.052: [GC concurrent-root-region-scan-start]
2021-01-21T20:57:27.537+0800: 1.052: [GC concurrent-root-region-scan-end, 0.0001161 secs]
2021-01-21T20:57:27.537+0800: 1.052: [GC concurrent-mark-start]
2021-01-21T20:57:27.539+0800: 1.054: [GC concurrent-mark-end, 0.0017299 secs]
2021-01-21T20:57:27.539+0800: 1.054: [GC remark 2021-01-21T20:57:27.539+0800: 1.054: [Finalize Marking, 0.0000709 secs] 2021-01-21T20:57:27.539+0800: 1.054: [GC ref-proc, 0.0000730 secs] 2021-01-21T20:57:27.539+0800: 1.054: [Unloading, 0.0005209 secs], 0.0013749 secs]
 [Times: user=0.00 sys=0.00, real=0.00 secs] 
2021-01-21T20:57:27.541+0800: 1.055: [GC cleanup 594M->587M(1024M), 0.0004736 secs]
 [Times: user=0.00 sys=0.00, real=0.00 secs] 
2021-01-21T20:57:27.542+0800: 1.056: [GC concurrent-cleanup-start]
2021-01-21T20:57:27.542+0800: 1.056: [GC concurrent-cleanup-end, 0.0000117 secs]
Heap
 garbage-first heap   total 1048576K, used 876079K [0x00000000c0000000, 0x00000000c0102000, 0x0000000100000000)
  region size 1024K, 230 young (235520K), 11 survivors (11264K)
 Metaspace       used 2643K, capacity 4486K, committed 4864K, reserved 1056768K
  class space    used 291K, capacity 386K, committed 512K, reserved 1048576K
