Java HotSpot(TM) 64-Bit Server VM (25.271-b09) for windows-amd64 JRE (1.8.0_271-b09), built on Sep 16 2020 19:14:59 by "" with MS VC++ 15.9 (VS2017)
Memory: 4k page, physical 16522052k(9411960k free), swap 19012420k(9277788k free)
CommandLine flags: -XX:InitialHeapSize=1073741824 -XX:MaxHeapSize=1073741824 -XX:+PrintGC -XX:+PrintGCDateStamps -XX:+PrintGCDetails -XX:+PrintGCTimeStamps -XX:+UseCompressedClassPointers -XX:+UseCompressedOops -XX:-UseLargePagesIndividualAllocation -XX:+UseSerialGC 
2021-01-21T21:01:02.243+0800: 0.182: [GC (Allocation Failure) 2021-01-21T21:01:02.243+0800: 0.182: [DefNew: 279616K->34944K(314560K), 0.0292357 secs] 279616K->82639K(1013632K), 0.0293996 secs] [Times: user=0.03 sys=0.00, real=0.03 secs] 
2021-01-21T21:01:02.309+0800: 0.247: [GC (Allocation Failure) 2021-01-21T21:01:02.309+0800: 0.247: [DefNew: 314560K->34943K(314560K), 0.0403440 secs] 362255K->160650K(1013632K), 0.0404038 secs] [Times: user=0.03 sys=0.02, real=0.04 secs] 
2021-01-21T21:01:02.380+0800: 0.318: [GC (Allocation Failure) 2021-01-21T21:01:02.380+0800: 0.318: [DefNew: 314559K->34943K(314560K), 0.0308234 secs] 440266K->235983K(1013632K), 0.0308851 secs] [Times: user=0.01 sys=0.02, real=0.03 secs] 
2021-01-21T21:01:02.443+0800: 0.382: [GC (Allocation Failure) 2021-01-21T21:01:02.443+0800: 0.382: [DefNew: 314559K->34943K(314560K), 0.0329526 secs] 515599K->316022K(1013632K), 0.0330411 secs] [Times: user=0.02 sys=0.01, real=0.03 secs] 
2021-01-21T21:01:02.506+0800: 0.445: [GC (Allocation Failure) 2021-01-21T21:01:02.506+0800: 0.445: [DefNew: 314559K->34943K(314560K), 0.0322593 secs] 595638K->394539K(1013632K), 0.0323287 secs] [Times: user=0.02 sys=0.02, real=0.03 secs] 
2021-01-21T21:01:02.570+0800: 0.508: [GC (Allocation Failure) 2021-01-21T21:01:02.570+0800: 0.508: [DefNew: 314559K->34943K(314560K), 0.0329536 secs] 674155K->473274K(1013632K), 0.0330154 secs] [Times: user=0.03 sys=0.00, real=0.03 secs] 
2021-01-21T21:01:02.633+0800: 0.572: [GC (Allocation Failure) 2021-01-21T21:01:02.633+0800: 0.572: [DefNew: 314559K->34943K(314560K), 0.0309196 secs] 752890K->546680K(1013632K), 0.0309890 secs] [Times: user=0.02 sys=0.01, real=0.03 secs] 
2021-01-21T21:01:02.696+0800: 0.634: [GC (Allocation Failure) 2021-01-21T21:01:02.696+0800: 0.634: [DefNew: 314559K->34943K(314560K), 0.0293142 secs] 826296K->620100K(1013632K), 0.0293733 secs] [Times: user=0.01 sys=0.02, real=0.03 secs] 
2021-01-21T21:01:02.756+0800: 0.694: [GC (Allocation Failure) 2021-01-21T21:01:02.756+0800: 0.694: [DefNew: 314559K->34943K(314560K), 0.0322994 secs] 899716K->703725K(1013632K), 0.0324081 secs] [Times: user=0.03 sys=0.00, real=0.03 secs] 
2021-01-21T21:01:02.823+0800: 0.761: [GC (Allocation Failure) 2021-01-21T21:01:02.823+0800: 0.761: [DefNew: 314559K->314559K(314560K), 0.0000134 secs]2021-01-21T21:01:02.823+0800: 0.761: [Tenured: 668781K->388611K(699072K), 0.0499316 secs] 983341K->388611K(1013632K), [Metaspace: 2637K->2637K(1056768K)], 0.0500196 secs] [Times: user=0.05 sys=0.00, real=0.05 secs] 
2021-01-21T21:01:02.902+0800: 0.841: [GC (Allocation Failure) 2021-01-21T21:01:02.902+0800: 0.841: [DefNew: 279616K->34944K(314560K), 0.0137014 secs] 668227K->487069K(1013632K), 0.0137625 secs] [Times: user=0.02 sys=0.00, real=0.01 secs] 
2021-01-21T21:01:02.947+0800: 0.886: [GC (Allocation Failure) 2021-01-21T21:01:02.948+0800: 0.886: [DefNew: 314560K->34944K(314560K), 0.0157616 secs] 766685K->570901K(1013632K), 0.0158362 secs] [Times: user=0.02 sys=0.00, real=0.02 secs] 
2021-01-21T21:01:02.995+0800: 0.934: [GC (Allocation Failure) 2021-01-21T21:01:02.995+0800: 0.934: [DefNew: 314560K->34943K(314560K), 0.0151668 secs] 850517K->645794K(1013632K), 0.0152266 secs] [Times: user=0.01 sys=0.00, real=0.02 secs] 
2021-01-21T21:01:03.042+0800: 0.980: [GC (Allocation Failure) 2021-01-21T21:01:03.042+0800: 0.980: [DefNew: 314559K->314559K(314560K), 0.0000133 secs]2021-01-21T21:01:03.042+0800: 0.980: [Tenured: 610850K->403259K(699072K), 0.0524214 secs] 925410K->403259K(1013632K), [Metaspace: 2637K->2637K(1056768K)], 0.0525086 secs] [Times: user=0.05 sys=0.00, real=0.05 secs] 
2021-01-21T21:01:03.130+0800: 1.069: [GC (Allocation Failure) 2021-01-21T21:01:03.130+0800: 1.069: [DefNew: 279616K->34944K(314560K), 0.0135952 secs] 682875K->493694K(1013632K), 0.0136603 secs] [Times: user=0.02 sys=0.00, real=0.01 secs] 
Heap
 def new generation   total 314560K, used 46821K [0x00000000c0000000, 0x00000000d5550000, 0x00000000d5550000)
  eden space 279616K,   4% used [0x00000000c0000000, 0x00000000c0b99488, 0x00000000d1110000)
  from space 34944K, 100% used [0x00000000d3330000, 0x00000000d5550000, 0x00000000d5550000)
  to   space 34944K,   0% used [0x00000000d1110000, 0x00000000d1110000, 0x00000000d3330000)
 tenured generation   total 699072K, used 458750K [0x00000000d5550000, 0x0000000100000000, 0x0000000100000000)
   the space 699072K,  65% used [0x00000000d5550000, 0x00000000f154f928, 0x00000000f154fa00, 0x0000000100000000)
 Metaspace       used 2643K, capacity 4486K, committed 4864K, reserved 1056768K
  class space    used 291K, capacity 386K, committed 512K, reserved 1048576K
